Archive member included to satisfy reference by file (symbol)

d:/stm32env/10 2020-q4-major/bin/../lib/gcc/arm-none-eabi/10.2.1/thumb/v7e-m/nofp\libgcc.a(_arm_mulsf3.o)
                              CMakeFiles/D1.elf.dir/Core/ds18b20/bsp_ds18b20.c.obj (__aeabi_fmul)
d:/stm32env/10 2020-q4-major/bin/../lib/gcc/arm-none-eabi/10.2.1/thumb/v7e-m/nofp\libgcc.a(_arm_addsubsf3.o)
                              CMakeFiles/D1.elf.dir/Core/ds18b20/bsp_ds18b20.c.obj (__aeabi_i2f)
d:/stm32env/10 2020-q4-major/bin/../lib/gcc/arm-none-eabi/10.2.1/thumb/v7e-m/nofp\libgcc.a(_arm_fixsfsi.o)
                              CMakeFiles/D1.elf.dir/Core/Src/main.c.obj (__aeabi_f2iz)
d:/stm32env/10 2020-q4-major/bin/../lib/gcc/arm-none-eabi/10.2.1/thumb/v7e-m/nofp\libgcc.a(_aeabi_uldivmod.o)
                              CMakeFiles/D1.elf.dir/Drivers/STM32F4xx_HAL_Driver/Src/stm32f4xx_hal_rcc.c.obj (__aeabi_uldivmod)
d:/stm32env/10 2020-q4-major/bin/../lib/gcc/arm-none-eabi/10.2.1/thumb/v7e-m/nofp\libgcc.a(_udivmoddi4.o)
                              d:/stm32env/10 2020-q4-major/bin/../lib/gcc/arm-none-eabi/10.2.1/thumb/v7e-m/nofp\libgcc.a(_aeabi_uldivmod.o) (__udivmoddi4)
d:/stm32env/10 2020-q4-major/bin/../lib/gcc/arm-none-eabi/10.2.1/thumb/v7e-m/nofp\libgcc.a(_dvmd_tls.o)
                              d:/stm32env/10 2020-q4-major/bin/../lib/gcc/arm-none-eabi/10.2.1/thumb/v7e-m/nofp\libgcc.a(_aeabi_uldivmod.o) (__aeabi_ldiv0)
d:/stm32env/10 2020-q4-major/bin/../lib/gcc/arm-none-eabi/10.2.1/../../../../arm-none-eabi/lib/thumb/v7e-m/nofp\libg.a(lib_a-errno.o)
                              CMakeFiles/D1.elf.dir/Core/Src/syscalls.c.obj (__errno)
d:/stm32env/10 2020-q4-major/bin/../lib/gcc/arm-none-eabi/10.2.1/../../../../arm-none-eabi/lib/thumb/v7e-m/nofp\libg.a(lib_a-exit.o)
                              d:/stm32env/10 2020-q4-major/bin/../lib/gcc/arm-none-eabi/10.2.1/../../../../arm-none-eabi/lib/thumb/v7e-m/nofp/crt0.o (exit)
d:/stm32env/10 2020-q4-major/bin/../lib/gcc/arm-none-eabi/10.2.1/../../../../arm-none-eabi/lib/thumb/v7e-m/nofp\libg.a(lib_a-impure.o)
                              d:/stm32env/10 2020-q4-major/bin/../lib/gcc/arm-none-eabi/10.2.1/../../../../arm-none-eabi/lib/thumb/v7e-m/nofp\libg.a(lib_a-exit.o) (_global_impure_ptr)
d:/stm32env/10 2020-q4-major/bin/../lib/gcc/arm-none-eabi/10.2.1/../../../../arm-none-eabi/lib/thumb/v7e-m/nofp\libg.a(lib_a-init.o)
                              d:/stm32env/10 2020-q4-major/bin/../lib/gcc/arm-none-eabi/10.2.1/../../../../arm-none-eabi/lib/thumb/v7e-m/nofp/crt0.o (__libc_init_array)
d:/stm32env/10 2020-q4-major/bin/../lib/gcc/arm-none-eabi/10.2.1/../../../../arm-none-eabi/lib/thumb/v7e-m/nofp\libg.a(lib_a-memset.o)
                              d:/stm32env/10 2020-q4-major/bin/../lib/gcc/arm-none-eabi/10.2.1/../../../../arm-none-eabi/lib/thumb/v7e-m/nofp/crt0.o (memset)
d:/stm32env/10 2020-q4-major/bin/../lib/gcc/arm-none-eabi/10.2.1/../../../../arm-none-eabi/lib/thumb/v7e-m/nofp\libg.a(lib_a-printf.o)
                              CMakeFiles/D1.elf.dir/Core/stdlog/retarget.c.obj (printf)
d:/stm32env/10 2020-q4-major/bin/../lib/gcc/arm-none-eabi/10.2.1/../../../../arm-none-eabi/lib/thumb/v7e-m/nofp\libg.a(lib_a-putchar.o)
                              CMakeFiles/D1.elf.dir/Core/Src/main.c.obj (putchar)
d:/stm32env/10 2020-q4-major/bin/../lib/gcc/arm-none-eabi/10.2.1/../../../../arm-none-eabi/lib/thumb/v7e-m/nofp\libg.a(lib_a-puts.o)
                              CMakeFiles/D1.elf.dir/Core/stdlog/retarget.c.obj (puts)
d:/stm32env/10 2020-q4-major/bin/../lib/gcc/arm-none-eabi/10.2.1/../../../../arm-none-eabi/lib/thumb/v7e-m/nofp\libg.a(lib_a-setvbuf.o)
                              CMakeFiles/D1.elf.dir/Core/stdlog/retarget.c.obj (setvbuf)
d:/stm32env/10 2020-q4-major/bin/../lib/gcc/arm-none-eabi/10.2.1/../../../../arm-none-eabi/lib/thumb/v7e-m/nofp\libg.a(lib_a-sprintf.o)
                              CMakeFiles/D1.elf.dir/Core/Src/main.c.obj (sprintf)
d:/stm32env/10 2020-q4-major/bin/../lib/gcc/arm-none-eabi/10.2.1/../../../../arm-none-eabi/lib/thumb/v7e-m/nofp\libg.a(lib_a-strlen.o)
                              CMakeFiles/D1.elf.dir/Core/Src/main.c.obj (strlen)
d:/stm32env/10 2020-q4-major/bin/../lib/gcc/arm-none-eabi/10.2.1/../../../../arm-none-eabi/lib/thumb/v7e-m/nofp\libg.a(lib_a-svfprintf.o)
                              d:/stm32env/10 2020-q4-major/bin/../lib/gcc/arm-none-eabi/10.2.1/../../../../arm-none-eabi/lib/thumb/v7e-m/nofp\libg.a(lib_a-sprintf.o) (_svfprintf_r)
d:/stm32env/10 2020-q4-major/bin/../lib/gcc/arm-none-eabi/10.2.1/../../../../arm-none-eabi/lib/thumb/v7e-m/nofp\libg.a(lib_a-vfprintf.o)
                              d:/stm32env/10 2020-q4-major/bin/../lib/gcc/arm-none-eabi/10.2.1/../../../../arm-none-eabi/lib/thumb/v7e-m/nofp\libg.a(lib_a-printf.o) (_vfprintf_r)
d:/stm32env/10 2020-q4-major/bin/../lib/gcc/arm-none-eabi/10.2.1/../../../../arm-none-eabi/lib/thumb/v7e-m/nofp\libg.a(lib_a-vprintf.o)
[...]
Memory Configuration

Name             Origin             Length             Attributes
RAM              0x20000000         0x00020000         xrw
CCMRAM           0x10000000         0x00010000         xrw
FLASH            0x08000000         0x00100000         xr
*default*        0x00000000         0xffffffff

Linker script and memory map

LOAD d:/stm32env/10 2020-q4-major/bin/../lib/gcc/arm-none-eabi/10.2.1/thumb/v7e-m/nofp/crti.o
LOAD d:/stm32env/10 2020-q4-major/bin/../lib/gcc/arm-none-eabi/10.2.1/thumb/v7e-m/nofp/crtbegin.o
LOAD d:/stm32env/10 2020-q4-major/bin/../lib/gcc/arm-none-eabi/10.2.1/../../../../arm-none-eabi/lib/thumb/v7e-m/nofp/crt0.o
LOAD CMakeFiles/D1.elf.dir/Core/Src/gpio.c.obj
LOAD CMakeFiles/D1.elf.dir/Core/Src/main.c.obj
LOAD CMakeFiles/D1.elf.dir/Core/Src/stm32f4xx_hal_msp.c.obj
LOAD CMakeFiles/D1.elf.dir/Core/Src/stm32f4xx_it.c.obj
LOAD CMakeFiles/D1.elf.dir/Core/Src/syscalls.c.obj
LOAD CMakeFiles/D1.elf.dir/Core/Src/system_stm32f4xx.c.obj
LOAD CMakeFiles/D1.elf.dir/Core/Src/tim.c.obj
LOAD CMakeFiles/D1.elf.dir/Core/Src/usart.c.obj
LOAD CMakeFiles/D1.elf.dir/Core/ds18b20/bsp_ds18b20.c.obj
LOAD CMakeFiles/D1.elf.dir/Core/stdlog/retarget.c.obj
LOAD CMakeFiles/D1.elf.dir/Core/stdlog/stdlog.c.obj
LOAD CMakeFiles/D1.elf.dir/Drivers/STM32F4xx_HAL_Driver/Src/stm32f4xx_hal.c.obj
LOAD CMakeFiles/D1.elf.dir/Drivers/STM32F4xx_HAL_Driver/Src/stm32f4xx_hal_cortex.c.obj
LOAD CMakeFiles/D1.elf.dir/Drivers/STM32F4xx_HAL_Driver/Src/stm32f4xx_hal_dma.c.obj
LOAD CMakeFiles/D1.elf.dir/Drivers/STM32F4xx_HAL_Driver/Src/stm32f4xx_hal_dma_ex.c.obj
LOAD CMakeFiles/D1.elf.dir/Drivers/STM32F4xx_HAL_Driver/Src/stm32f4xx_hal_exti.c.obj
LOAD CMakeFiles/D1.elf.dir/Drivers/STM32F4xx_HAL_Driver/Src/stm32f4xx_hal_flash.c.obj
LOAD CMakeFiles/D1.elf.dir/Drivers/STM32F4xx_HAL_Driver/Src/stm32f4xx_hal_flash_ex.c.obj
LOAD CMakeFiles/D1.elf.dir/Drivers/STM32F4xx_HAL_Driver/Src/stm32f4xx_hal_flash_ramfunc.c.obj
LOAD CMakeFiles/D1.elf.dir/Drivers/STM32F4xx_HAL_Driver/Src/stm32f4xx_hal_gpio.c.obj
LOAD CMakeFiles/D1.elf.dir/Drivers/STM32F4xx_HAL_Driver/Src/stm32f4xx_hal_pwr.c.obj
LOAD CMakeFiles/D1.elf.dir/Drivers/STM32F4xx_HAL_Driver/Src/stm32f4xx_hal_pwr_ex.c.obj
LOAD CMakeFiles/D1.elf.dir/Drivers/STM32F4xx_HAL_Driver/Src/stm32f4xx_hal_rcc.c.obj
LOAD CMakeFiles/D1.elf.dir/Drivers/STM32F4xx_HAL_Driver/Src/stm32f4xx_hal_rcc_ex.c.obj
LOAD CMakeFiles/D1.elf.dir/Drivers/STM32F4xx_HAL_Driver/Src/stm32f4xx_hal_tim.c.obj
LOAD CMakeFiles/D1.elf.dir/Drivers/STM32F4xx_HAL_Driver/Src/stm32f4xx_hal_tim_ex.c.obj
LOAD CMakeFiles/D1.elf.dir/Drivers/STM32F4xx_HAL_Driver/Src/stm32f4xx_hal_uart.c.obj
LOAD CMakeFiles/D1.elf.dir/Drivers/STM32F4xx_HAL_Driver/Src/stm32f4xx_ll_exti.c.obj
LOAD CMakeFiles/D1.elf.dir/Drivers/STM32F4xx_HAL_Driver/Src/stm32f4xx_ll_rcc.c.obj
LOAD CMakeFiles/D1.elf.dir/Drivers/STM32F4xx_HAL_Driver/Src/stm32f4xx_ll_utils.c.obj
LOAD CMakeFiles/D1.elf.dir/startup/startup_stm32f407xx.s.obj
START GROUP
LOAD d:/stm32env/10 2020-q4-major/bin/../lib/gcc/arm-none-eabi/10.2.1/thumb/v7e-m/nofp\libgcc.a
LOAD d:/stm32env/10 2020-q4-major/bin/../lib/gcc/arm-none-eabi/10.2.1/../../../../arm-none-eabi/lib/thumb/v7e-m/nofp\libg.a
LOAD d:/stm32env/10 2020-q4-major/bin/../lib/gcc/arm-none-eabi/10.2.1/../../../../arm-none-eabi/lib/thumb/v7e-m/nofp\libc.a
END GROUP
LOAD d:/stm32env/10 2020-q4-major/bin/../lib/gcc/arm-none-eabi/10.2.1/thumb/v7e-m/nofp/crtend.o
LOAD d:/stm32env/10 2020-q4-major/bin/../lib/gcc/arm-none-eabi/10.2.1/thumb/v7e-m/nofp/crtn.o
                0x20020000                _estack = 0x20020000
                0x00000200                _Min_Heap_Size = 0x200
                0x00000400                _Min_Stack_Size = 0x400

.isr_vector     0x08000000      0x188
                0x08000000                . = ALIGN (0x4)
 *(.isr_vector)
 .isr_vector    0x08000000      0x188 CMakeFiles/D1.elf.dir/startup/startup_stm32f407xx.s.obj
                0x08000000                g_pfnVectors
                0x08000188                . = ALIGN (0x4)

.text           0x080001c0     0xa9f8
                0x080001c0                . = ALIGN (0x4)
 *(.text)
 .text          0x080001c0       0x40 d:/stm32env/10 2020-q4-major/bin/../lib/gcc/arm-none-eabi/10.2.1/thumb/v7e-m/nofp/crtbegin.o
 .text          0x08000200      0x168 d:/stm32env/10 2020-q4-major/bin/../lib/gcc/arm-none-eabi/10.2.1/thumb/v7e-m/nofp\libgcc.a(_arm_mulsf3.o)
                0x08000200                __aeabi_fmul
                0x08000200                __mulsf3
 .text          0x08000368      0x21c d:/stm32env/10 2020-q4-major/bin/../lib/gcc/arm-none-eabi/10.2.1/thumb/v7e-m/nofp\libgcc.a(_arm_addsubsf3.o)
                0x08000368                __aeabi_frsub
                0x08000370                __subsf3
                0x08000370                __aeabi_fsub
                0x08000374                __aeabi_fadd
                0x08000374                __addsf3
                0x080004d4                __aeabi_ui2f
                0x080004d4                __floatunsisf
                0x080004dc                __aeabi_i2f
                0x080004dc                __floatsisf
                0x080004f8                __aeabi_ul2f
                0x080004f8                __floatundisf
                0x08000508                __aeabi_l2f
                0x08000508                __floatdisf
 .text          0x08000584       0x4c d:/stm32env/10 2020-q4-major/bin/../lib/gcc/arm-none-eabi/10.2.1/thumb/v7e-m/nofp\libgcc.a(_arm_fixsfsi.o)
                0x08000584                __aeabi_f2iz
                0x08000584                __fixsfsi
 .text          0x080005d0       0x30 d:/stm32env/10 2020-q4-major/bin/../lib/gcc/arm-none-eabi/10.2.1/thumb/v7e-m/nofp\libgcc.a(_aeabi_uldivmod.o)
                0x080005d0                __aeabi_uldivmod
 .text          0x08000600      0x2d0 d:/stm32env/10 2020-q4-major/bin/../lib/gcc/arm-none-eabi/10.2.1/thumb/v7e-m/nofp\libgcc.a(_udivmoddi4.o)
                0x08000600                __udivmoddi4
 .text          0x080008d0        0x4 d:/stm32env/10 2020-q4-major/bin/../lib/gcc/arm-none-eabi/10.2.1/thumb/v7e-m/nofp\libgcc.a(_dvmd_tls.o)
                0x080008d0                __aeabi_idiv0
                0x080008d0                __aeabi_ldiv0
 *fill*         0x080008d4       0x2c 
 .text          0x08000900       0xdc d:/stm32env/10 2020-q4-major/bin/../lib/gcc/arm-none-eabi/10.2.1/../../../../arm-none-eabi/lib/thumb/v7e-m/nofp\libg.a(lib_a-strlen.o)
                0x08000900                strlen
 *fill*         0x080009dc        0x4 
 .text          0x080009e0       0xa0 d:/stm32env/10 2020-q4-major/bin/../lib/gcc/arm-none-eabi/10.2.1/../../../../arm-none-eabi/lib/thumb/v7e-m/nofp\libg.a(lib_a-memchr.o)
                0x080009e0                memchr
 .text          0x08000a80      0x134 d:/stm32env/10 2020-q4-major/bin/../lib/gcc/arm-none-eabi/10.2.1/../../../../arm-none-eabi/lib/thumb/v7e-m/nofp\libg.a(lib_a-memcpy.o)
                0x08000a80                memcpy
 .text          0x08000bb4      0x378 d:/stm32env/10 2020-q4-major/bin/../lib/gcc/arm-none-eabi/10.2.1/thumb/v7e-m/nofp\libgcc.a(_arm_addsubdf3.o)
                0x08000bb4                __aeabi_drsub
                0x08000bbc                __aeabi_dsub
                0x08000bbc                __subdf3
                0x08000bc0                __aeabi_dadd
                0x08000bc0                __adddf3
                0x08000e38                __floatunsidf
                0x08000e38                __aeabi_ui2d
                0x08000e58                __floatsidf
                0x08000e58                __aeabi_i2d
                0x08000e7c                __aeabi_f2d
                0x08000e7c                __extendsfdf2
                0x08000ec0                __floatundidf
                0x08000ec0                __aeabi_ul2d
                0x08000ed0                __floatdidf
                0x08000ed0                __aeabi_l2d
 .text          0x08000f2c      0x424 d:/stm32env/10 2020-q4-major/bin/../lib/gcc/arm-none-eabi/10.2.1/thumb/v7e-m/nofp\libgcc.a(_arm_muldivdf3.o)
                0x08000f2c                __aeabi_dmul
                0x08000f2c                __muldf3
                0x08001180                __divdf3
                0x08001180                __aeabi_ddiv
 .text          0x08001350      0x110 d:/stm32env/10 2020-q4-major/bin/../lib/gcc/arm-none-eabi/10.2.1/thumb/v7e-m/nofp\libgcc.a(_arm_cmpdf2.o)
                0x08001350                __gtdf2
                0x08001350                __gedf2
                0x08001358                __ltdf2
                0x08001358                __ledf2
                0x08001360                __nedf2
                0x08001360                __eqdf2
                0x08001360                __cmpdf2
                0x080013dc                __aeabi_cdrcmple
                0x080013ec                __aeabi_cdcmpeq
                0x080013ec                __aeabi_cdcmple
                0x080013fc                __aeabi_dcmpeq
                0x08001410                __aeabi_dcmplt
                0x08001424                __aeabi_dcmple
                0x08001438                __aeabi_dcmpge
                0x0800144c                __aeabi_dcmpgt
 .text          0x08001460       0x2c d:/stm32env/10 2020-q4-major/bin/../lib/gcc/arm-none-eabi/10.2.1/thumb/v7e-m/nofp\libgcc.a(_arm_unorddf2.o)
                0x08001460                __unorddf2
                0x08001460                __aeabi_dcmpun
 .text          0x0800148c       0x50 d:/stm32env/10 2020-q4-major/bin/../lib/gcc/arm-none-eabi/10.2.1/thumb/v7e-m/nofp\libgcc.a(_arm_fixdfsi.o)
                0x0800148c                __aeabi_d2iz
                0x0800148c                __fixdfsi
 *(.text*)
 .text.MX_GPIO_Init
                0x080014dc      0x104 CMakeFiles/D1.elf.dir/Core/Src/gpio.c.obj
                0x080014dc                MX_GPIO_Init
 .text.HAL_UART_RxCpltCallback
                0x080015e0       0x20 CMakeFiles/D1.elf.dir/Core/Src/main.c.obj
                0x080015e0                HAL_UART_RxCpltCallback
 .text.Error_Handler
                0x08001600       0x1c CMakeFiles/D1.elf.dir/Core/Src/main.c.obj
                0x08001600                Error_Handler
 .text.SystemClock_Config
                0x0800161c       0xd8 CMakeFiles/D1.elf.dir/Core/Src/main.c.obj
                0x0800161c                SystemClock_Config
 .text.main     0x080016f4       0xb0 CMakeFiles/D1.elf.dir/Core/Src/main.c.obj
                0x080016f4                main
 .text.HAL_MspInit
                0x080017a4       0x38 CMakeFiles/D1.elf.dir/Core/Src/stm32f4xx_hal_msp.c.obj
                0x080017a4                HAL_MspInit
 .text.NMI_Handler
                0x080017dc        0x2 CMakeFiles/D1.elf.dir/Core/Src/stm32f4xx_it.c.obj
                0x080017dc                NMI_Handler
 .text.HardFault_Handler
                0x080017de        0x2 CMakeFiles/D1.elf.dir/Core/Src/stm32f4xx_it.c.obj
                0x080017de                HardFault_Handler
 .text.MemManage_Handler
                0x080017e0        0x2 CMakeFiles/D1.elf.dir/Core/Src/stm32f4xx_it.c.obj
                0x080017e0                MemManage_Handler
 .text.BusFault_Handler
                0x080017e2        0x2 CMakeFiles/D1.elf.dir/Core/Src/stm32f4xx_it.c.obj
                0x080017e2                BusFault_Handler
 .text.UsageFault_Handler
                0x080017e4        0x2 CMakeFiles/D1.elf.dir/Core/Src/stm32f4xx_it.c.obj
                0x080017e4                UsageFault_Handler
 .text.SVC_Handler
                0x080017e6        0x2 CMakeFiles/D1.elf.dir/Core/Src/stm32f4xx_it.c.obj
                0x080017e6                SVC_Handler
 .text.DebugMon_Handler
                0x080017e8        0x2 CMakeFiles/D1.elf.dir/Core/Src/stm32f4xx_it.c.obj
                0x080017e8                DebugMon_Handler
 .text.PendSV_Handler
                0x080017ea        0x2 CMakeFiles/D1.elf.dir/Core/Src/stm32f4xx_it.c.obj
                0x080017ea                PendSV_Handler
 .text.SysTick_Handler
                0x080017ec        0x8 CMakeFiles/D1.elf.dir/Core/Src/stm32f4xx_it.c.obj
                0x080017ec                SysTick_Handler
 .text.USART1_IRQHandler
                0x080017f4       0x10 CMakeFiles/D1.elf.dir/Core/Src/stm32f4xx_it.c.obj
                0x080017f4                USART1_IRQHandler
 .text.USART3_IRQHandler
                0x08001804       0x10 CMakeFiles/D1.elf.dir/Core/Src/stm32f4xx_it.c.obj
                0x08001804                USART3_IRQHandler
 .text._getpid  0x08001814        0x4 CMakeFiles/D1.elf.dir/Core/Src/syscalls.c.obj
                0x08001814                _getpid
 .text._kill    0x08001818       0x10 CMakeFiles/D1.elf.dir/Core/Src/syscalls.c.obj
                0x08001818                _kill
 .text._exit    0x08001828        0xc CMakeFiles/D1.elf.dir/Core/Src/syscalls.c.obj
                0x08001828                _exit
 .text._sbrk    0x08001834       0x3c CMakeFiles/D1.elf.dir/Core/Src/syscalls.c.obj
                0x08001834                _sbrk
 .text.SystemInit
                0x08001870       0x10 CMakeFiles/D1.elf.dir/Core/Src/system_stm32f4xx.c.obj
                0x08001870                SystemInit
 .text.MX_TIM1_Init
                0x08001880       0x70 CMakeFiles/D1.elf.dir/Core/Src/tim.c.obj
                0x08001880                MX_TIM1_Init
 .text.HAL_TIM_Base_MspInit
                0x080018f0       0x30 CMakeFiles/D1.elf.dir/Core/Src/tim.c.obj
                0x080018f0                HAL_TIM_Base_MspInit
 .text.MX_USART1_UART_Init
                0x08001920       0x34 CMakeFiles/D1.elf.dir/Core/Src/usart.c.obj
                0x08001920                MX_USART1_UART_Init
 .text.MX_USART2_UART_Init
                0x08001954       0x34 CMakeFiles/D1.elf.dir/Core/Src/usart.c.obj
                0x08001954                MX_USART2_UART_Init
 .text.MX_USART3_UART_Init
                0x08001988       0x34 CMakeFiles/D1.elf.dir/Core/Src/usart.c.obj
                0x08001988                MX_USART3_UART_Init
 .text.HAL_UART_MspInit
                0x080019bc      0x138 CMakeFiles/D1.elf.dir/Core/Src/usart.c.obj
                0x080019bc                HAL_UART_MspInit
 .text.delay_us
                0x08001af4       0x4c CMakeFiles/D1.elf.dir/Core/ds18b20/bsp_ds18b20.c.obj
 .text.DS18B20_Mode_OUT_PP
                0x08001b40       0x20 CMakeFiles/D1.elf.dir/Core/ds18b20/bsp_ds18b20.c.obj
 .text.DS18B20_Reset
                0x08001b60       0x30 CMakeFiles/D1.elf.dir/Core/ds18b20/bsp_ds18b20.c.obj
 .text.DS18B20_WriteByte
                0x08001b90       0x6c CMakeFiles/D1.elf.dir/Core/ds18b20/bsp_ds18b20.c.obj
 .text.DS18B20_Mode_IN_NP
                0x08001bfc       0x20 CMakeFiles/D1.elf.dir/Core/ds18b20/bsp_ds18b20.c.obj
 .text.DS18B20_Presence
                0x08001c1c       0x58 CMakeFiles/D1.elf.dir/Core/ds18b20/bsp_ds18b20.c.obj
 .text.DS18B20_MatchRom
                0x08001c74       0x12 CMakeFiles/D1.elf.dir/Core/ds18b20/bsp_ds18b20.c.obj
 *fill*         0x08001c86        0x2 
 .text.DS18B20_ReadBit
                0x08001c88       0x3c CMakeFiles/D1.elf.dir/Core/ds18b20/bsp_ds18b20.c.obj
 .text.DS18B20_ReadByte
                0x08001cc4       0x1e CMakeFiles/D1.elf.dir/Core/ds18b20/bsp_ds18b20.c.obj
 *fill*         0x08001ce2        0x2 
 .text.DS18B20_Init
                0x08001ce4       0x20 CMakeFiles/D1.elf.dir/Core/ds18b20/bsp_ds18b20.c.obj
                0x08001ce4                DS18B20_Init
 .text.DS18B20_ReadId
                0x08001d04       0x1e CMakeFiles/D1.elf.dir/Core/ds18b20/bsp_ds18b20.c.obj
                0x08001d04                DS18B20_ReadId
 .text.DS18B20_GetTemp_MatchRom
                0x08001d22       0x6e CMakeFiles/D1.elf.dir/Core/ds18b20/bsp_ds18b20.c.obj
                0x08001d22                DS18B20_GetTemp_MatchRom
 .text.RetargetInit
                0x08001d90       0x20 CMakeFiles/D1.elf.dir/Core/stdlog/retarget.c.obj
                0x08001d90                RetargetInit
 .text.initLogger
                0x08001db0       0x4c CMakeFiles/D1.elf.dir/Core/stdlog/retarget.c.obj
                0x08001db0                initLogger
 .text._isatty  0x08001dfc       0x16 CMakeFiles/D1.elf.dir/Core/stdlog/retarget.c.obj
                0x08001dfc                _isatty
 *fill*         0x08001e12        0x2 
 .text._write   0x08001e14       0x34 CMakeFiles/D1.elf.dir/Core/stdlog/retarget.c.obj
                0x08001e14                _write
 .text._close   0x08001e48       0x18 CMakeFiles/D1.elf.dir/Core/stdlog/retarget.c.obj
                0x08001e48                _close
 .text._lseek   0x08001e60       0x10 CMakeFiles/D1.elf.dir/Core/stdlog/retarget.c.obj
                0x08001e60                _lseek
 .text._read    0x08001e70       0x30 CMakeFiles/D1.elf.dir/Core/stdlog/retarget.c.obj
                0x08001e70                _read
 .text._fstat   0x08001ea0       0x1a CMakeFiles/D1.elf.dir/Core/stdlog/retarget.c.obj
                0x08001ea0                _fstat
 .text.print    0x08001eba       0x1c CMakeFiles/D1.elf.dir/Core/stdlog/stdlog.c.obj
                0x08001eba                print
 *fill*         0x08001ed6        0x2 
 .text.println  0x08001ed8       0x28 CMakeFiles/D1.elf.dir/Core/stdlog/stdlog.c.obj
                0x08001ed8                println
 .text.printperfix
                0x08001f00       0x44 CMakeFiles/D1.elf.dir/Core/stdlog/stdlog.c.obj
                0x08001f00                printperfix
 .text.log_inf  0x08001f44       0x30 CMakeFiles/D1.elf.dir/Core/stdlog/stdlog.c.obj
                0x08001f44                log_inf
 .text.HAL_InitTick
                0x08001f74       0x4c CMakeFiles/D1.elf.dir/Drivers/STM32F4xx_HAL_Driver/Src/stm32f4xx_hal.c.obj
                0x08001f74                HAL_InitTick
 .text.HAL_Init
                0x08001fc0       0x34 CMakeFiles/D1.elf.dir/Drivers/STM32F4xx_HAL_Driver/Src/stm32f4xx_hal.c.obj
                0x08001fc0                HAL_Init
 .text.HAL_IncTick
                0x08001ff4       0x18 CMakeFiles/D1.elf.dir/Drivers/STM32F4xx_HAL_Driver/Src/stm32f4xx_hal.c.obj
                0x08001ff4                HAL_IncTick
 .text.HAL_GetTick
                0x0800200c        0xc CMakeFiles/D1.elf.dir/Drivers/STM32F4xx_HAL_Driver/Src/stm32f4xx_hal.c.obj
                0x0800200c                HAL_GetTick
 .text.HAL_Delay
                0x08002018       0x28 CMakeFiles/D1.elf.dir/Drivers/STM32F4xx_HAL_Driver/Src/stm32f4xx_hal.c.obj
                0x08002018                HAL_Delay
 .text.HAL_NVIC_SetPriorityGrouping
                0x08002040       0x24 CMakeFiles/D1.elf.dir/Drivers/STM32F4xx_HAL_Driver/Src/stm32f4xx_hal_cortex.c.obj
                0x08002040                HAL_NVIC_SetPriorityGrouping
 .text.HAL_NVIC_SetPriority
                0x08002064       0x70 CMakeFiles/D1.elf.dir/Drivers/STM32F4xx_HAL_Driver/Src/stm32f4xx_hal_cortex.c.obj
                0x08002064                HAL_NVIC_SetPriority
 .text.HAL_NVIC_EnableIRQ
                0x080020d4       0x1c CMakeFiles/D1.elf.dir/Drivers/STM32F4xx_HAL_Driver/Src/stm32f4xx_hal_cortex.c.obj
                0x080020d4                HAL_NVIC_EnableIRQ
 .text.HAL_SYSTICK_Config
                0x080020f0       0x28 CMakeFiles/D1.elf.dir/Drivers/STM32F4xx_HAL_Driver/Src/stm32f4xx_hal_cortex.c.obj
                0x080020f0                HAL_SYSTICK_Config
 .text.HAL_DMA_Abort_IT
                0x08002118       0x26 CMakeFiles/D1.elf.dir/Drivers/STM32F4xx_HAL_Driver/Src/stm32f4xx_hal_dma.c.obj
                0x08002118                HAL_DMA_Abort_IT
 *fill*         0x0800213e        0x2 
 .text.HAL_GPIO_Init
                0x08002140      0x1d0 CMakeFiles/D1.elf.dir/Drivers/STM32F4xx_HAL_Driver/Src/stm32f4xx_hal_gpio.c.obj
                0x08002140                HAL_GPIO_Init
 .text.HAL_GPIO_ReadPin
                0x08002310        0xe CMakeFiles/D1.elf.dir/Drivers/STM32F4xx_HAL_Driver/Src/stm32f4xx_hal_gpio.c.obj
                0x08002310                HAL_GPIO_ReadPin
 .text.HAL_GPIO_WritePin
                0x0800231e        0xc CMakeFiles/D1.elf.dir/Drivers/STM32F4xx_HAL_Driver/Src/stm32f4xx_hal_gpio.c.obj
                0x0800231e                HAL_GPIO_WritePin
 .text.HAL_GPIO_TogglePin
                0x0800232a       0x12 CMakeFiles/D1.elf.dir/Drivers/STM32F4xx_HAL_Driver/Src/stm32f4xx_hal_gpio.c.obj
                0x0800232a                HAL_GPIO_TogglePin
 .text.HAL_RCC_GetHCLKFreq
                0x0800233c        0xc CMakeFiles/D1.elf.dir/Drivers/STM32F4xx_HAL_Driver/Src/stm32f4xx_hal_rcc.c.obj
                0x0800233c                HAL_RCC_GetHCLKFreq
 .text.HAL_RCC_GetPCLK1Freq
                0x08002348       0x20 CMakeFiles/D1.elf.dir/Drivers/STM32F4xx_HAL_Driver/Src/stm32f4xx_hal_rcc.c.obj
                0x08002348                HAL_RCC_GetPCLK1Freq
 .text.HAL_RCC_GetPCLK2Freq
                0x08002368       0x20 CMakeFiles/D1.elf.dir/Drivers/STM32F4xx_HAL_Driver/Src/stm32f4xx_hal_rcc.c.obj
                0x08002368                HAL_RCC_GetPCLK2Freq
 .text.TIM_TI1_ConfigInputStage
                0x08002388       0x24 CMakeFiles/D1.elf.dir/Drivers/STM32F4xx_HAL_Driver/Src/stm32f4xx_hal_tim.c.obj
 .text.TIM_TI2_ConfigInputStage
                0x080023ac       0x26 CMakeFiles/D1.elf.dir/Drivers/STM32F4xx_HAL_Driver/Src/stm32f4xx_hal_tim.c.obj
 .text.TIM_ITRx_SetConfig
                0x080023d2       0x10 CMakeFiles/D1.elf.dir/Drivers/STM32F4xx_HAL_Driver/Src/stm32f4xx_hal_tim.c.obj
 *fill*         0x080023e2        0x2 
 .text.TIM_Base_SetConfig
                0x080023e4       0xc8 CMakeFiles/D1.elf.dir/Drivers/STM32F4xx_HAL_Driver/Src/stm32f4xx_hal_tim.c.obj
                0x080023e4                TIM_Base_SetConfig
 .text.HAL_TIM_Base_Init
                0x080024ac       0x34 CMakeFiles/D1.elf.dir/Drivers/STM32F4xx_HAL_Driver/Src/stm32f4xx_hal_tim.c.obj
                0x080024ac                HAL_TIM_Base_Init
 .text.TIM_ETR_SetConfig
                0x080024e0       0x18 CMakeFiles/D1.elf.dir/Drivers/STM32F4xx_HAL_Driver/Src/stm32f4xx_hal_tim.c.obj
                0x080024e0                TIM_ETR_SetConfig
 .text.HAL_TIM_ConfigClockSource
                0x080024f8       0xda CMakeFiles/D1.elf.dir/Drivers/STM32F4xx_HAL_Driver/Src/stm32f4xx_hal_tim.c.obj
                0x080024f8                HAL_TIM_ConfigClockSource
 *fill*         0x080025d2        0x2 
 .text.HAL_TIMEx_MasterConfigSynchronization
                0x080025d4       0x8c CMakeFiles/D1.elf.dir/Drivers/STM32F4xx_HAL_Driver/Src/stm32f4xx_hal_tim_ex.c.obj
                0x080025d4                HAL_TIMEx_MasterConfigSynchronization
 .text.UART_EndRxTransfer
                0x08002660       0x1c CMakeFiles/D1.elf.dir/Drivers/STM32F4xx_HAL_Driver/Src/stm32f4xx_hal_uart.c.obj
 .text.UART_Transmit_IT
                0x0800267c       0x66 CMakeFiles/D1.elf.dir/Drivers/STM32F4xx_HAL_Driver/Src/stm32f4xx_hal_uart.c.obj
 *fill*         0x080026e2        0x2 
 .text.UART_SetConfig
                0x080026e4      0x1d4 CMakeFiles/D1.elf.dir/Drivers/STM32F4xx_HAL_Driver/Src/stm32f4xx_hal_uart.c.obj
 .text.UART_WaitOnFlagUntilTimeout
                0x080028b8       0x6c CMakeFiles/D1.elf.dir/Drivers/STM32F4xx_HAL_Driver/Src/stm32f4xx_hal_uart.c.obj
 .text.HAL_UART_Init
                0x08002924       0x5e CMakeFiles/D1.elf.dir/Drivers/STM32F4xx_HAL_Driver/Src/stm32f4xx_hal_uart.c.obj
                0x08002924                HAL_UART_Init
 .text.HAL_UART_Transmit
                0x08002982       0xe0 CMakeFiles/D1.elf.dir/Drivers/STM32F4xx_HAL_Driver/Src/stm32f4xx_hal_uart.c.obj
                0x08002982                HAL_UART_Transmit
 .text.HAL_UART_Receive
                0x08002a62       0xea CMakeFiles/D1.elf.dir/Drivers/STM32F4xx_HAL_Driver/Src/stm32f4xx_hal_uart.c.obj
                0x08002a62                HAL_UART_Receive
 .text.HAL_UART_Receive_IT
                0x08002b4c       0x62 CMakeFiles/D1.elf.dir/Drivers/STM32F4xx_HAL_Driver/Src/stm32f4xx_hal_uart.c.obj
                0x08002b4c                HAL_UART_Receive_IT
 .text.HAL_UART_TxCpltCallback
                0x08002bae        0x2 CMakeFiles/D1.elf.dir/Drivers/STM32F4xx_HAL_Driver/Src/stm32f4xx_hal_uart.c.obj
                0x08002bae                HAL_UART_TxCpltCallback
 .text.UART_EndTransmit_IT
                0x08002bb0       0x1a CMakeFiles/D1.elf.dir/Drivers/STM32F4xx_HAL_Driver/Src/stm32f4xx_hal_uart.c.obj
 .text.UART_Receive_IT
                0x08002bca       0x9e CMakeFiles/D1.elf.dir/Drivers/STM32F4xx_HAL_Driver/Src/stm32f4xx_hal_uart.c.obj
 .text.HAL_UART_ErrorCallback
                0x08002c68        0x2 CMakeFiles/D1.elf.dir/Drivers/STM32F4xx_HAL_Driver/Src/stm32f4xx_hal_uart.c.obj
                0x08002c68                HAL_UART_ErrorCallback
 *fill*         0x08002c6a        0x2 
 .text.HAL_UART_IRQHandler
                0x08002c6c      0x128 CMakeFiles/D1.elf.dir/Drivers/STM32F4xx_HAL_Driver/Src/stm32f4xx_hal_uart.c.obj
                0x08002c6c                HAL_UART_IRQHandler
 .text.UART_DMAAbortOnError
                0x08002d94       0x10 CMakeFiles/D1.elf.dir/Drivers/STM32F4xx_HAL_Driver/Src/stm32f4xx_hal_uart.c.obj
 .text.LL_SetSystemCoreClock
                0x08002da4        0xc CMakeFiles/D1.elf.dir/Drivers/STM32F4xx_HAL_Driver/Src/stm32f4xx_ll_utils.c.obj
                0x08002da4                LL_SetSystemCoreClock
 .text.Reset_Handler
                0x08002db0       0x50 CMakeFiles/D1.elf.dir/startup/startup_stm32f407xx.s.obj
                0x08002db0                Reset_Handler
 .text.Default_Handler
                0x08002e00        0x2 CMakeFiles/D1.elf.dir/startup/startup_stm32f407xx.s.obj
                0x08002e00                RTC_Alarm_IRQHandler
                0x08002e00                HASH_RNG_IRQHandler
                0x08002e00                EXTI2_IRQHandler
                0x08002e00                TIM8_CC_IRQHandler
                0x08002e00                TIM1_CC_IRQHandler
                0x08002e00                DMA2_Stream5_IRQHandler
                0x08002e00                DMA1_Stream5_IRQHandler
                0x08002e00                PVD_IRQHandler
                0x08002e00                SDIO_IRQHandler
                0x08002e00                TAMP_STAMP_IRQHandler
                0x08002e00                CAN2_RX1_IRQHandler
                0x08002e00                EXTI3_IRQHandler
                0x08002e00                TIM8_TRG_COM_TIM14_IRQHandler
                0x08002e00                TIM1_UP_TIM10_IRQHandler
                0x08002e00                TIM8_UP_TIM13_IRQHandler
                0x08002e00                I2C3_ER_IRQHandler
                0x08002e00                EXTI0_IRQHandler
                0x08002e00                I2C2_EV_IRQHandler
                0x08002e00                DMA1_Stream2_IRQHandler
                0x08002e00                CAN1_RX0_IRQHandler
                0x08002e00                FPU_IRQHandler
                0x08002e00                OTG_HS_WKUP_IRQHandler
                0x08002e00                CAN2_SCE_IRQHandler
                0x08002e00                DMA2_Stream2_IRQHandler
                0x08002e00                SPI1_IRQHandler
                0x08002e00                TIM6_DAC_IRQHandler
                0x08002e00                TIM1_BRK_TIM9_IRQHandler
                0x08002e00                DCMI_IRQHandler
                0x08002e00                CAN2_RX0_IRQHandler
                0x08002e00                DMA2_Stream3_IRQHandler
                0x08002e00                USART6_IRQHandler
                0x08002e00                CAN1_RX1_IRQHandler
                0x08002e00                UART5_IRQHandler
                0x08002e00                DMA2_Stream0_IRQHandler
                0x08002e00                TIM4_IRQHandler
                0x08002e00                I2C1_EV_IRQHandler
                0x08002e00                DMA1_Stream6_IRQHandler
                0x08002e00                DMA1_Stream1_IRQHandler
                0x08002e00                UART4_IRQHandler
                0x08002e00                TIM3_IRQHandler
                0x08002e00                RCC_IRQHandler
                0x08002e00                TIM8_BRK_TIM12_IRQHandler
                0x08002e00                Default_Handler
                0x08002e00                EXTI15_10_IRQHandler
                0x08002e00                ADC_IRQHandler
                0x08002e00                DMA1_Stream7_IRQHandler
                0x08002e00                TIM7_IRQHandler
                0x08002e00                CAN2_TX_IRQHandler
                0x08002e00                TIM5_IRQHandler
                0x08002e00                DMA2_Stream7_IRQHandler
                0x08002e00                I2C3_EV_IRQHandler
                0x08002e00                EXTI9_5_IRQHandler
                0x08002e00                RTC_WKUP_IRQHandler
                0x08002e00                ETH_WKUP_IRQHandler
                0x08002e00                SPI2_IRQHandler
                0x08002e00                OTG_HS_EP1_IN_IRQHandler
                0x08002e00                DMA1_Stream0_IRQHandler
                0x08002e00                CAN1_TX_IRQHandler
                0x08002e00                EXTI4_IRQHandler
                0x08002e00                FSMC_IRQHandler
                0x08002e00                ETH_IRQHandler
                0x08002e00                OTG_HS_EP1_OUT_IRQHandler
                0x08002e00                WWDG_IRQHandler
                0x08002e00                TIM2_IRQHandler
                0x08002e00                OTG_FS_WKUP_IRQHandler
                0x08002e00                TIM1_TRG_COM_TIM11_IRQHandler
                0x08002e00                OTG_HS_IRQHandler
                0x08002e00                EXTI1_IRQHandler
                0x08002e00                USART2_IRQHandler
                0x08002e00                I2C2_ER_IRQHandler
                0x08002e00                DMA2_Stream1_IRQHandler
                0x08002e00                CAN1_SCE_IRQHandler
                0x08002e00                FLASH_IRQHandler
                0x08002e00                DMA2_Stream4_IRQHandler
                0x08002e00                OTG_FS_IRQHandler
                0x08002e00                SPI3_IRQHandler
                0x08002e00                DMA1_Stream4_IRQHandler
                0x08002e00                I2C1_ER_IRQHandler
                0x08002e00                DMA2_Stream6_IRQHandler
                0x08002e00                DMA1_Stream3_IRQHandler
 *fill*         0x08002e02        0x2 
 .text.__errno  0x08002e04        0xc d:/stm32env/10 2020-q4-major/bin/../lib/gcc/arm-none-eabi/10.2.1/../../../../arm-none-eabi/lib/thumb/v7e-m/nofp\libg.a(lib_a-errno.o)
                0x08002e04                __errno
 .text.__libc_init_array
                0x08002e10       0x48 d:/stm32env/10 2020-q4-major/bin/../lib/gcc/arm-none-eabi/10.2.1/../../../../arm-none-eabi/lib/thumb/v7e-m/nofp\libg.a(lib_a-init.o)
                0x08002e10                __libc_init_array
 .text.memset   0x08002e58       0xa4 d:/stm32env/10 2020-q4-major/bin/../lib/gcc/arm-none-eabi/10.2.1/../../../../arm-none-eabi/lib/thumb/v7e-m/nofp\libg.a(lib_a-memset.o)
                0x08002e58                memset
 .text.printf   0x08002efc       0x28 d:/stm32env/10 2020-q4-major/bin/../lib/gcc/arm-none-eabi/10.2.1/../../../../arm-none-eabi/lib/thumb/v7e-m/nofp\libg.a(lib_a-printf.o)
                0x08002efc                printf
 .text.putchar  0x08002f24       0x10 d:/stm32env/10 2020-q4-major/bin/../lib/gcc/arm-none-eabi/10.2.1/../../../../arm-none-eabi/lib/thumb/v7e-m/nofp\libg.a(lib_a-putchar.o)
                0x08002f24                putchar
 .text._puts_r  0x08002f34       0x9c d:/stm32env/10 2020-q4-major/bin/../lib/gcc/arm-none-eabi/10.2.1/../../../../arm-none-eabi/lib/thumb/v7e-m/nofp\libg.a(lib_a-puts.o)
                0x08002f34                _puts_r
 .text.puts     0x08002fd0       0x10 d:/stm32env/10 2020-q4-major/bin/../lib/gcc/arm-none-eabi/10.2.1/../../../../arm-none-eabi/lib/thumb/v7e-m/nofp\libg.a(lib_a-puts.o)
                0x08002fd0                puts
 .text.setvbuf  0x08002fe0      0x1b0 d:/stm32env/10 2020-q4-major/bin/../lib/gcc/arm-none-eabi/10.2.1/../../../../arm-none-eabi/lib/thumb/v7e-m/nofp\libg.a(lib_a-setvbuf.o)
                0x08002fe0                setvbuf
 .text.sprintf  0x08003190       0x40 d:/stm32env/10 2020-q4-major/bin/../lib/gcc/arm-none-eabi/10.2.1/../../../../arm-none-eabi/lib/thumb/v7e-m/nofp\libg.a(lib_a-sprintf.o)
                0x08003190                sprintf
 .text._svfprintf_r
                0x080031d0     0x1a3c d:/stm32env/10 2020-q4-major/bin/../lib/gcc/arm-none-eabi/10.2.1/../../../../arm-none-eabi/lib/thumb/v7e-m/nofp\libg.a(lib_a-svfprintf.o)
                0x080031d0                _svfprintf_r
 .text._vfprintf_r
                0x08004c0c     0x1ad4 d:/stm32env/10 2020-q4-major/bin/../lib/gcc/arm-none-eabi/10.2.1/../../../../arm-none-eabi/lib/thumb/v7e-m/nofp\libg.a(lib_a-vfprintf.o)
                0x08004c0c                _vfprintf_r
 .text.__sbprintf
                0x080066e0       0x80 d:/stm32env/10 2020-q4-major/bin/../lib/gcc/arm-none-eabi/10.2.1/../../../../arm-none-eabi/lib/thumb/v7e-m/nofp\libg.a(lib_a-vfprintf.o)
 .text.vprintf  0x08006760       0x14 d:/stm32env/10 2020-q4-major/bin/../lib/gcc/arm-none-eabi/10.2.1/../../../../arm-none-eabi/lib/thumb/v7e-m/nofp\libg.a(lib_a-vprintf.o)
                0x08006760                vprintf
 .text.__swsetup_r
                0x08006774       0xd4 d:/stm32env/10 2020-q4-major/bin/../lib/gcc/arm-none-eabi/10.2.1/../../../../arm-none-eabi/lib/thumb/v7e-m/nofp\libg.a(lib_a-wsetup.o)
                0x08006774                __swsetup_r
 .text.startup.register_fini
                0x08006848       0x14 d:/stm32env/10 2020-q4-major/bin/../lib/gcc/arm-none-eabi/10.2.1/../../../../arm-none-eabi/lib/thumb/v7e-m/nofp\libg.a(lib_a-__call_atexit.o)
 .text.atexit   0x0800685c        0xc d:/stm32env/10 2020-q4-major/bin/../lib/gcc/arm-none-eabi/10.2.1/../../../../arm-none-eabi/lib/thumb/v7e-m/nofp\libg.a(lib_a-atexit.o)
                0x0800685c                atexit
 .text.quorem   0x08006868      0x124 d:/stm32env/10 2020-q4-major/bin/../lib/gcc/arm-none-eabi/10.2.1/../../../../arm-none-eabi/lib/thumb/v7e-m/nofp\libg.a(lib_a-dtoa.o)
 *fill*         0x0800698c        0x4 
 .text._dtoa_r  0x08006990      0xec4 d:/stm32env/10 2020-q4-major/bin/../lib/gcc/arm-none-eabi/10.2.1/../../../../arm-none-eabi/lib/thumb/v7e-m/nofp\libg.a(lib_a-dtoa.o)
                0x08006990                _dtoa_r
 .text.__sflush_r
                0x08007854      0x120 d:/stm32env/10 2020-q4-major/bin/../lib/gcc/arm-none-eabi/10.2.1/../../../../arm-none-eabi/lib/thumb/v7e-m/nofp\libg.a(lib_a-fflush.o)
                0x08007854                __sflush_r
 .text._fflush_r
                0x08007974       0x5c d:/stm32env/10 2020-q4-major/bin/../lib/gcc/arm-none-eabi/10.2.1/../../../../arm-none-eabi/lib/thumb/v7e-m/nofp\libg.a(lib_a-fflush.o)
                0x08007974                _fflush_r
 .text._cleanup_r
                0x080079d0        0xc d:/stm32env/10 2020-q4-major/bin/../lib/gcc/arm-none-eabi/10.2.1/../../../../arm-none-eabi/lib/thumb/v7e-m/nofp\libg.a(lib_a-findfp.o)
                0x080079d0                _cleanup_r
 .text.__sinit  0x080079dc      0x10c d:/stm32env/10 2020-q4-major/bin/../lib/gcc/arm-none-eabi/10.2.1/../../../../arm-none-eabi/lib/thumb/v7e-m/nofp\libg.a(lib_a-findfp.o)
                0x080079dc                __sinit
 .text.__sfp_lock_acquire
                0x08007ae8        0xc d:/stm32env/10 2020-q4-major/bin/../lib/gcc/arm-none-eabi/10.2.1/../../../../arm-none-eabi/lib/thumb/v7e-m/nofp\libg.a(lib_a-findfp.o)
                0x08007ae8                __sfp_lock_acquire
 .text.__sfp_lock_release
                0x08007af4        0xc d:/stm32env/10 2020-q4-major/bin/../lib/gcc/arm-none-eabi/10.2.1/../../../../arm-none-eabi/lib/thumb/v7e-m/nofp\libg.a(lib_a-findfp.o)
                0x08007af4                __sfp_lock_release
 .text.__libc_fini_array
                0x08007b00       0x2c d:/stm32env/10 2020-q4-major/bin/../lib/gcc/arm-none-eabi/10.2.1/../../../../arm-none-eabi/lib/thumb/v7e-m/nofp\libg.a(lib_a-fini.o)
                0x08007b00                __libc_fini_array
 .text._malloc_trim_r
                0x08007b2c       0xa0 d:/stm32env/10 2020-q4-major/bin/../lib/gcc/arm-none-eabi/10.2.1/../../../../arm-none-eabi/lib/thumb/v7e-m/nofp\libg.a(lib_a-freer.o)
                0x08007b2c                _malloc_trim_r
 .text._free_r  0x08007bcc      0x20c d:/stm32env/10 2020-q4-major/bin/../lib/gcc/arm-none-eabi/10.2.1/../../../../arm-none-eabi/lib/thumb/v7e-m/nofp\libg.a(lib_a-freer.o)
                0x08007bcc                _free_r
 .text.__sfvwrite_r
                0x08007dd8      0x2e8 d:/stm32env/10 2020-q4-major/bin/../lib/gcc/arm-none-eabi/10.2.1/../../../../arm-none-eabi/lib/thumb/v7e-m/nofp\libg.a(lib_a-fvwrite.o)
                0x08007dd8                __sfvwrite_r
 .text._fwalk_reent
                0x080080c0       0x48 d:/stm32env/10 2020-q4-major/bin/../lib/gcc/arm-none-eabi/10.2.1/../../../../arm-none-eabi/lib/thumb/v7e-m/nofp\libg.a(lib_a-fwalk.o)
                0x080080c0                _fwalk_reent
 .text._localeconv_r
                0x08008108        0x8 d:/stm32env/10 2020-q4-major/bin/../lib/gcc/arm-none-eabi/10.2.1/../../../../arm-none-eabi/lib/thumb/v7e-m/nofp\libg.a(lib_a-localeconv.o)
                0x08008108                _localeconv_r
 .text.__retarget_lock_init_recursive
                0x08008110        0x4 d:/stm32env/10 2020-q4-major/bin/../lib/gcc/arm-none-eabi/10.2.1/../../../../arm-none-eabi/lib/thumb/v7e-m/nofp\libg.a(lib_a-lock.o)
                0x08008110                __retarget_lock_init_recursive
 .text.__retarget_lock_close_recursive
                0x08008114        0x4 d:/stm32env/10 2020-q4-major/bin/../lib/gcc/arm-none-eabi/10.2.1/../../../../arm-none-eabi/lib/thumb/v7e-m/nofp\libg.a(lib_a-lock.o)
                0x08008114                __retarget_lock_close_recursive
 .text.__retarget_lock_acquire_recursive
                0x08008118        0x4 d:/stm32env/10 2020-q4-major/bin/../lib/gcc/arm-none-eabi/10.2.1/../../../../arm-none-eabi/lib/thumb/v7e-m/nofp\libg.a(lib_a-lock.o)
                0x08008118                __retarget_lock_acquire_recursive
 .text.__retarget_lock_release_recursive
                0x0800811c        0x4 d:/stm32env/10 2020-q4-major/bin/../lib/gcc/arm-none-eabi/10.2.1/../../../../arm-none-eabi/lib/thumb/v7e-m/nofp\libg.a(lib_a-lock.o)
                0x0800811c                __retarget_lock_release_recursive
 .text.__smakebuf_r
                0x08008120       0xe0 d:/stm32env/10 2020-q4-major/bin/../lib/gcc/arm-none-eabi/10.2.1/../../../../arm-none-eabi/lib/thumb/v7e-m/nofp\libg.a(lib_a-makebuf.o)
                0x08008120                __smakebuf_r
 .text.__swhatbuf_r
                0x08008200       0x60 d:/stm32env/10 2020-q4-major/bin/../lib/gcc/arm-none-eabi/10.2.1/../../../../arm-none-eabi/lib/thumb/v7e-m/nofp\libg.a(lib_a-makebuf.o)
                0x08008200                __swhatbuf_r
 .text.malloc   0x08008260       0x10 d:/stm32env/10 2020-q4-major/bin/../lib/gcc/arm-none-eabi/10.2.1/../../../../arm-none-eabi/lib/thumb/v7e-m/nofp\libg.a(lib_a-malloc.o)
                0x08008260                malloc
 .text._malloc_r
                0x08008270      0x560 d:/stm32env/10 2020-q4-major/bin/../lib/gcc/arm-none-eabi/10.2.1/../../../../arm-none-eabi/lib/thumb/v7e-m/nofp\libg.a(lib_a-mallocr.o)
                0x08008270                _malloc_r
 .text.memmove  0x080087d0       0xf8 d:/stm32env/10 2020-q4-major/bin/../lib/gcc/arm-none-eabi/10.2.1/../../../../arm-none-eabi/lib/thumb/v7e-m/nofp\libg.a(lib_a-memmove.o)
                0x080087d0                memmove
 .text.__malloc_lock
                0x080088c8        0xc d:/stm32env/10 2020-q4-major/bin/../lib/gcc/arm-none-eabi/10.2.1/../../../../arm-none-eabi/lib/thumb/v7e-m/nofp\libg.a(lib_a-mlock.o)
                0x080088c8                __malloc_lock
 .text.__malloc_unlock
                0x080088d4        0xc d:/stm32env/10 2020-q4-major/bin/../lib/gcc/arm-none-eabi/10.2.1/../../../../arm-none-eabi/lib/thumb/v7e-m/nofp\libg.a(lib_a-mlock.o)
                0x080088d4                __malloc_unlock
 .text._Balloc  0x080088e0       0x4c d:/stm32env/10 2020-q4-major/bin/../lib/gcc/arm-none-eabi/10.2.1/../../../../arm-none-eabi/lib/thumb/v7e-m/nofp\libg.a(lib_a-mprec.o)
                0x080088e0                _Balloc
 .text._Bfree   0x0800892c       0x14 d:/stm32env/10 2020-q4-major/bin/../lib/gcc/arm-none-eabi/10.2.1/../../../../arm-none-eabi/lib/thumb/v7e-m/nofp\libg.a(lib_a-mprec.o)
                0x0800892c                _Bfree
 .text.__multadd
                0x08008940       0xa0 d:/stm32env/10 2020-q4-major/bin/../lib/gcc/arm-none-eabi/10.2.1/../../../../arm-none-eabi/lib/thumb/v7e-m/nofp\libg.a(lib_a-mprec.o)
                0x08008940                __multadd
 .text.__hi0bits
                0x080089e0       0x40 d:/stm32env/10 2020-q4-major/bin/../lib/gcc/arm-none-eabi/10.2.1/../../../../arm-none-eabi/lib/thumb/v7e-m/nofp\libg.a(lib_a-mprec.o)
                0x080089e0                __hi0bits
 .text.__lo0bits
                0x08008a20       0x5c d:/stm32env/10 2020-q4-major/bin/../lib/gcc/arm-none-eabi/10.2.1/../../../../arm-none-eabi/lib/thumb/v7e-m/nofp\libg.a(lib_a-mprec.o)
                0x08008a20                __lo0bits
 .text.__i2b    0x08008a7c       0x5c d:/stm32env/10 2020-q4-major/bin/../lib/gcc/arm-none-eabi/10.2.1/../../../../arm-none-eabi/lib/thumb/v7e-m/nofp\libg.a(lib_a-mprec.o)
                0x08008a7c                __i2b
 .text.__multiply
                0x08008ad8      0x15c d:/stm32env/10 2020-q4-major/bin/../lib/gcc/arm-none-eabi/10.2.1/../../../../arm-none-eabi/lib/thumb/v7e-m/nofp\libg.a(lib_a-mprec.o)
                0x08008ad8                __multiply
 .text.__pow5mult
                0x08008c34       0xc0 d:/stm32env/10 2020-q4-major/bin/../lib/gcc/arm-none-eabi/10.2.1/../../../../arm-none-eabi/lib/thumb/v7e-m/nofp\libg.a(lib_a-mprec.o)
                0x08008c34                __pow5mult
 .text.__lshift
                0x08008cf4       0xf0 d:/stm32env/10 2020-q4-major/bin/../lib/gcc/arm-none-eabi/10.2.1/../../../../arm-none-eabi/lib/thumb/v7e-m/nofp\libg.a(lib_a-mprec.o)
                0x08008cf4                __lshift
 .text.__mcmp   0x08008de4       0x40 d:/stm32env/10 2020-q4-major/bin/../lib/gcc/arm-none-eabi/10.2.1/../../../../arm-none-eabi/lib/thumb/v7e-m/nofp\libg.a(lib_a-mprec.o)
                0x08008de4                __mcmp
 .text.__mdiff  0x08008e24      0x14c d:/stm32env/10 2020-q4-major/bin/../lib/gcc/arm-none-eabi/10.2.1/../../../../arm-none-eabi/lib/thumb/v7e-m/nofp\libg.a(lib_a-mprec.o)
                0x08008e24                __mdiff
 .text.__d2b    0x08008f70       0xc4 d:/stm32env/10 2020-q4-major/bin/../lib/gcc/arm-none-eabi/10.2.1/../../../../arm-none-eabi/lib/thumb/v7e-m/nofp\libg.a(lib_a-mprec.o)
                0x08008f70                __d2b
 .text._putc_r  0x08009034       0x74 d:/stm32env/10 2020-q4-major/bin/../lib/gcc/arm-none-eabi/10.2.1/../../../../arm-none-eabi/lib/thumb/v7e-m/nofp\libg.a(lib_a-putc.o)
                0x08009034                _putc_r
 .text._realloc_r
                0x080090a8      0x3d8 d:/stm32env/10 2020-q4-major/bin/../lib/gcc/arm-none-eabi/10.2.1/../../../../arm-none-eabi/lib/thumb/v7e-m/nofp\libg.a(lib_a-reallocr.o)
                0x080090a8                _realloc_r
 .text.frexp    0x08009480       0x70 d:/stm32env/10 2020-q4-major/bin/../lib/gcc/arm-none-eabi/10.2.1/../../../../arm-none-eabi/lib/thumb/v7e-m/nofp\libg.a(lib_a-s_frexp.o)
                0x08009480                frexp
 .text._sbrk_r  0x080094f0       0x24 d:/stm32env/10 2020-q4-major/bin/../lib/gcc/arm-none-eabi/10.2.1/../../../../arm-none-eabi/lib/thumb/v7e-m/nofp\libg.a(lib_a-sbrkr.o)
                0x080094f0                _sbrk_r
 .text.__sread  0x08009514       0x24 d:/stm32env/10 2020-q4-major/bin/../lib/gcc/arm-none-eabi/10.2.1/../../../../arm-none-eabi/lib/thumb/v7e-m/nofp\libg.a(lib_a-stdio.o)
                0x08009514                __sread
 .text.__swrite
                0x08009538       0x40 d:/stm32env/10 2020-q4-major/bin/../lib/gcc/arm-none-eabi/10.2.1/../../../../arm-none-eabi/lib/thumb/v7e-m/nofp\libg.a(lib_a-stdio.o)
                0x08009538                __swrite
 .text.__sseek  0x08009578       0x20 d:/stm32env/10 2020-q4-major/bin/../lib/gcc/arm-none-eabi/10.2.1/../../../../arm-none-eabi/lib/thumb/v7e-m/nofp\libg.a(lib_a-stdio.o)
                0x08009578                __sseek
 .text.__sclose
                0x08009598        0x8 d:/stm32env/10 2020-q4-major/bin/../lib/gcc/arm-none-eabi/10.2.1/../../../../arm-none-eabi/lib/thumb/v7e-m/nofp\libg.a(lib_a-stdio.o)
                0x08009598                __sclose
 .text.strncpy  0x080095a0       0x64 d:/stm32env/10 2020-q4-major/bin/../lib/gcc/arm-none-eabi/10.2.1/../../../../arm-none-eabi/lib/thumb/v7e-m/nofp\libg.a(lib_a-strncpy.o)
                0x080095a0                strncpy
 .text.__ssprint_r
                0x08009604       0xf8 d:/stm32env/10 2020-q4-major/bin/../lib/gcc/arm-none-eabi/10.2.1/../../../../arm-none-eabi/lib/thumb/v7e-m/nofp\libg.a(lib_a-svfiprintf.o)
                0x08009604                __ssprint_r
 .text.__sprint_r.part.0
                0x080096fc       0x78 d:/stm32env/10 2020-q4-major/bin/../lib/gcc/arm-none-eabi/10.2.1/../../../../arm-none-eabi/lib/thumb/v7e-m/nofp\libg.a(lib_a-vfiprintf.o)
 .text.__sprint_r
                0x08009774       0x14 d:/stm32env/10 2020-q4-major/bin/../lib/gcc/arm-none-eabi/10.2.1/../../../../arm-none-eabi/lib/thumb/v7e-m/nofp\libg.a(lib_a-vfiprintf.o)
                0x08009774                __sprint_r
 .text._vfiprintf_r
                0x08009788      0xd94 d:/stm32env/10 2020-q4-major/bin/../lib/gcc/arm-none-eabi/10.2.1/../../../../arm-none-eabi/lib/thumb/v7e-m/nofp\libg.a(lib_a-vfiprintf.o)
                0x08009788                _vfiprintf_r
 .text.__sbprintf
                0x0800a51c       0x80 d:/stm32env/10 2020-q4-major/bin/../lib/gcc/arm-none-eabi/10.2.1/../../../../arm-none-eabi/lib/thumb/v7e-m/nofp\libg.a(lib_a-vfiprintf.o)
 .text.__swbuf_r
                0x0800a59c       0xb0 d:/stm32env/10 2020-q4-major/bin/../lib/gcc/arm-none-eabi/10.2.1/../../../../arm-none-eabi/lib/thumb/v7e-m/nofp\libg.a(lib_a-wbuf.o)
                0x0800a59c                __swbuf_r
 .text._write_r
                0x0800a64c       0x2c d:/stm32env/10 2020-q4-major/bin/../lib/gcc/arm-none-eabi/10.2.1/../../../../arm-none-eabi/lib/thumb/v7e-m/nofp\libg.a(lib_a-writer.o)
                0x0800a64c                _write_r
 .text.__register_exitproc
                0x0800a678       0x8c d:/stm32env/10 2020-q4-major/bin/../lib/gcc/arm-none-eabi/10.2.1/../../../../arm-none-eabi/lib/thumb/v7e-m/nofp\libg.a(lib_a-__atexit.o)
                0x0800a678                __register_exitproc
 .text.__assert_func
                0x0800a704       0x40 d:/stm32env/10 2020-q4-major/bin/../lib/gcc/arm-none-eabi/10.2.1/../../../../arm-none-eabi/lib/thumb/v7e-m/nofp\libg.a(lib_a-assert.o)
                0x0800a704                __assert_func
 .text._calloc_r
                0x0800a744       0x60 d:/stm32env/10 2020-q4-major/bin/../lib/gcc/arm-none-eabi/10.2.1/../../../../arm-none-eabi/lib/thumb/v7e-m/nofp\libg.a(lib_a-callocr.o)
                0x0800a744                _calloc_r
 .text._close_r
                0x0800a7a4       0x24 d:/stm32env/10 2020-q4-major/bin/../lib/gcc/arm-none-eabi/10.2.1/../../../../arm-none-eabi/lib/thumb/v7e-m/nofp\libg.a(lib_a-closer.o)
                0x0800a7a4                _close_r
 .text._fclose_r
                0x0800a7c8       0xcc d:/stm32env/10 2020-q4-major/bin/../lib/gcc/arm-none-eabi/10.2.1/../../../../arm-none-eabi/lib/thumb/v7e-m/nofp\libg.a(lib_a-fclose.o)
                0x0800a7c8                _fclose_r
 .text.fiprintf
                0x0800a894       0x28 d:/stm32env/10 2020-q4-major/bin/../lib/gcc/arm-none-eabi/10.2.1/../../../../arm-none-eabi/lib/thumb/v7e-m/nofp\libg.a(lib_a-fiprintf.o)
                0x0800a894                fiprintf
 .text.__fputwc
                0x0800a8bc       0xa8 d:/stm32env/10 2020-q4-major/bin/../lib/gcc/arm-none-eabi/10.2.1/../../../../arm-none-eabi/lib/thumb/v7e-m/nofp\libg.a(lib_a-fputwc.o)
                0x0800a8bc                __fputwc
 .text._fputwc_r
                0x0800a964       0x68 d:/stm32env/10 2020-q4-major/bin/../lib/gcc/arm-none-eabi/10.2.1/../../../../arm-none-eabi/lib/thumb/v7e-m/nofp\libg.a(lib_a-fputwc.o)
                0x0800a964                _fputwc_r
 .text._fstat_r
                0x0800a9cc       0x2c d:/stm32env/10 2020-q4-major/bin/../lib/gcc/arm-none-eabi/10.2.1/../../../../arm-none-eabi/lib/thumb/v7e-m/nofp\libg.a(lib_a-fstatr.o)
                0x0800a9cc                _fstat_r
 .text._isatty_r
                0x0800a9f8       0x24 d:/stm32env/10 2020-q4-major/bin/../lib/gcc/arm-none-eabi/10.2.1/../../../../arm-none-eabi/lib/thumb/v7e-m/nofp\libg.a(lib_a-isattyr.o)
                0x0800a9f8                _isatty_r
 .text.__locale_mb_cur_max
                0x0800aa1c        0xc d:/stm32env/10 2020-q4-major/bin/../lib/gcc/arm-none-eabi/10.2.1/../../../../arm-none-eabi/lib/thumb/v7e-m/nofp\libg.a(lib_a-locale.o)
                0x0800aa1c                __locale_mb_cur_max
 .text._lseek_r
                0x0800aa28       0x2c d:/stm32env/10 2020-q4-major/bin/../lib/gcc/arm-none-eabi/10.2.1/../../../../arm-none-eabi/lib/thumb/v7e-m/nofp\libg.a(lib_a-lseekr.o)
                0x0800aa28                _lseek_r
 .text.__ascii_mbtowc
                0x0800aa54       0x2c d:/stm32env/10 2020-q4-major/bin/../lib/gcc/arm-none-eabi/10.2.1/../../../../arm-none-eabi/lib/thumb/v7e-m/nofp\libg.a(lib_a-mbtowc_r.o)
                0x0800aa54                __ascii_mbtowc
 .text._read_r  0x0800aa80       0x2c d:/stm32env/10 2020-q4-major/bin/../lib/gcc/arm-none-eabi/10.2.1/../../../../arm-none-eabi/lib/thumb/v7e-m/nofp\libg.a(lib_a-readr.o)
                0x0800aa80                _read_r
 .text._wcrtomb_r
                0x0800aaac       0x3c d:/stm32env/10 2020-q4-major/bin/../lib/gcc/arm-none-eabi/10.2.1/../../../../arm-none-eabi/lib/thumb/v7e-m/nofp\libg.a(lib_a-wcrtomb.o)
                0x0800aaac                _wcrtomb_r
 .text.__ascii_wctomb
                0x0800aae8       0x1c d:/stm32env/10 2020-q4-major/bin/../lib/gcc/arm-none-eabi/10.2.1/../../../../arm-none-eabi/lib/thumb/v7e-m/nofp\libg.a(lib_a-wctomb_r.o)
                0x0800aae8                __ascii_wctomb
 .text.abort    0x0800ab04       0x10 d:/stm32env/10 2020-q4-major/bin/../lib/gcc/arm-none-eabi/10.2.1/../../../../arm-none-eabi/lib/thumb/v7e-m/nofp\libg.a(lib_a-abort.o)
                0x0800ab04                abort
 .text.raise    0x0800ab14       0x5c d:/stm32env/10 2020-q4-major/bin/../lib/gcc/arm-none-eabi/10.2.1/../../../../arm-none-eabi/lib/thumb/v7e-m/nofp\libg.a(lib_a-signal.o)
                0x0800ab14                raise
 .text._kill_r  0x0800ab70       0x2c d:/stm32env/10 2020-q4-major/bin/../lib/gcc/arm-none-eabi/10.2.1/../../../../arm-none-eabi/lib/thumb/v7e-m/nofp\libg.a(lib_a-signalr.o)
                0x0800ab70                _kill_r
 .text._getpid_r
                0x0800ab9c        0x4 d:/stm32env/10 2020-q4-major/bin/../lib/gcc/arm-none-eabi/10.2.1/../../../../arm-none-eabi/lib/thumb/v7e-m/nofp\libg.a(lib_a-signalr.o)
                0x0800ab9c                _getpid_r
 *(.glue_7)
 .glue_7        0x0800aba0        0x0 linker stubs
 *(.glue_7t)
 .glue_7t       0x0800aba0        0x0 linker stubs
 *(.eh_frame)
 .eh_frame      0x0800aba0        0x0 d:/stm32env/10 2020-q4-major/bin/../lib/gcc/arm-none-eabi/10.2.1/thumb/v7e-m/nofp/crtbegin.o
 *(.init)
 .init          0x0800aba0        0x4 d:/stm32env/10 2020-q4-major/bin/../lib/gcc/arm-none-eabi/10.2.1/thumb/v7e-m/nofp/crti.o
                0x0800aba0                _init
 .init          0x0800aba4        0x8 d:/stm32env/10 2020-q4-major/bin/../lib/gcc/arm-none-eabi/10.2.1/thumb/v7e-m/nofp/crtn.o
 *(.fini)
 .fini          0x0800abac        0x4 d:/stm32env/10 2020-q4-major/bin/../lib/gcc/arm-none-eabi/10.2.1/thumb/v7e-m/nofp/crti.o
                0x0800abac                _fini
 .fini          0x0800abb0        0x8 d:/stm32env/10 2020-q4-major/bin/../lib/gcc/arm-none-eabi/10.2.1/thumb/v7e-m/nofp/crtn.o
                0x0800abb8                . = ALIGN (0x4)
                0x0800abb8                _etext = .

.vfp11_veneer   0x0800abb8        0x0
 .vfp11_veneer  0x0800abb8        0x0 linker stubs

.v4_bx          0x0800abb8        0x0
 .v4_bx         0x0800abb8        0x0 linker stubs

.iplt           0x0800abb8        0x0
 .iplt          0x0800abb8        0x0 d:/stm32env/10 2020-q4-major/bin/../lib/gcc/arm-none-eabi/10.2.1/thumb/v7e-m/nofp/crtbegin.o

.rodata         0x0800abb8      0x7a0
                0x0800abb8                . = ALIGN (0x4)
 *(.rodata)
 *(.rodata*)
 .rodata.Error_Handler.str1.4
                0x0800abb8        0x4 CMakeFiles/D1.elf.dir/Core/Src/main.c.obj
 .rodata.main.str1.4
                0x0800abbc        0x3 CMakeFiles/D1.elf.dir/Core/Src/main.c.obj
 *fill*         0x0800abbf        0x1 
 .rodata.APBPrescTable
                0x0800abc0        0x8 CMakeFiles/D1.elf.dir/Core/Src/system_stm32f4xx.c.obj
                0x0800abc0                APBPrescTable
 .rodata.initLogger.str1.4
                0x0800abc8      0x335 CMakeFiles/D1.elf.dir/Core/stdlog/retarget.c.obj
 *fill*         0x0800aefd        0x3 
 .rodata.str1.4
                0x0800af00       0x10 CMakeFiles/D1.elf.dir/Core/stdlog/retarget.c.obj
 .rodata.println.str1.4
                0x0800af10        0x2 CMakeFiles/D1.elf.dir/Core/stdlog/stdlog.c.obj
 *fill*         0x0800af12        0x2 
 .rodata.printperfix.str1.4
                0x0800af14       0x24 CMakeFiles/D1.elf.dir/Core/stdlog/stdlog.c.obj
 .rodata.log_inf.str1.4
                0x0800af38       0x24 CMakeFiles/D1.elf.dir/Core/stdlog/stdlog.c.obj
                                  0x1 (size before relaxing)
 .rodata._global_impure_ptr
                0x0800af38        0x4 d:/stm32env/10 2020-q4-major/bin/../lib/gcc/arm-none-eabi/10.2.1/../../../../arm-none-eabi/lib/thumb/v7e-m/nofp\libg.a(lib_a-impure.o)
                0x0800af38                _global_impure_ptr
 .rodata._puts_r.str1.4
                0x0800af3c        0x2 d:/stm32env/10 2020-q4-major/bin/../lib/gcc/arm-none-eabi/10.2.1/../../../../arm-none-eabi/lib/thumb/v7e-m/nofp\libg.a(lib_a-puts.o)
 *fill*         0x0800af3e        0x2 
 .rodata._svfprintf_r.str1.4
                0x0800af40       0x42 d:/stm32env/10 2020-q4-major/bin/../lib/gcc/arm-none-eabi/10.2.1/../../../../arm-none-eabi/lib/thumb/v7e-m/nofp\libg.a(lib_a-svfprintf.o)
 *fill*         0x0800af82        0x2 
 .rodata.blanks.1
                0x0800af84       0x10 d:/stm32env/10 2020-q4-major/bin/../lib/gcc/arm-none-eabi/10.2.1/../../../../arm-none-eabi/lib/thumb/v7e-m/nofp\libg.a(lib_a-svfprintf.o)
 .rodata.zeroes.0
                0x0800af94       0x10 d:/stm32env/10 2020-q4-major/bin/../lib/gcc/arm-none-eabi/10.2.1/../../../../arm-none-eabi/lib/thumb/v7e-m/nofp\libg.a(lib_a-svfprintf.o)
 .rodata._vfprintf_r.str1.4
                0x0800afa4       0x42 d:/stm32env/10 2020-q4-major/bin/../lib/gcc/arm-none-eabi/10.2.1/../../../../arm-none-eabi/lib/thumb/v7e-m/nofp\libg.a(lib_a-vfprintf.o)
 .rodata.blanks.1
                0x0800afa4       0x10 d:/stm32env/10 2020-q4-major/bin/../lib/gcc/arm-none-eabi/10.2.1/../../../../arm-none-eabi/lib/thumb/v7e-m/nofp\libg.a(lib_a-vfprintf.o)
 .rodata.zeroes.0
                0x0800afb4       0x10 d:/stm32env/10 2020-q4-major/bin/../lib/gcc/arm-none-eabi/10.2.1/../../../../arm-none-eabi/lib/thumb/v7e-m/nofp\libg.a(lib_a-vfprintf.o)
 .rodata._dtoa_r.str1.4
                0x0800afc4       0xa1 d:/stm32env/10 2020-q4-major/bin/../lib/gcc/arm-none-eabi/10.2.1/../../../../arm-none-eabi/lib/thumb/v7e-m/nofp\libg.a(lib_a-dtoa.o)
                                 0xa5 (size before relaxing)
 *fill*         0x0800b065        0x3 
 .rodata.__multadd.str1.4
                0x0800b068       0x7e d:/stm32env/10 2020-q4-major/bin/../lib/gcc/arm-none-eabi/10.2.1/../../../../arm-none-eabi/lib/thumb/v7e-m/nofp\libg.a(lib_a-mprec.o)
                                 0x92 (size before relaxing)
 *fill*         0x0800b0e6        0x2 
 .rodata.__mprec_bigtens
                0x0800b0e8       0x28 d:/stm32env/10 2020-q4-major/bin/../lib/gcc/arm-none-eabi/10.2.1/../../../../arm-none-eabi/lib/thumb/v7e-m/nofp\libg.a(lib_a-mprec.o)
                0x0800b0e8                __mprec_bigtens
 .rodata.__mprec_tens
                0x0800b110       0xc8 d:/stm32env/10 2020-q4-major/bin/../lib/gcc/arm-none-eabi/10.2.1/../../../../arm-none-eabi/lib/thumb/v7e-m/nofp\libg.a(lib_a-mprec.o)
                0x0800b110                __mprec_tens
 .rodata.p05.0  0x0800b1d8        0xc d:/stm32env/10 2020-q4-major/bin/../lib/gcc/arm-none-eabi/10.2.1/../../../../arm-none-eabi/lib/thumb/v7e-m/nofp\libg.a(lib_a-mprec.o)
 .rodata._vfiprintf_r.str1.4
                0x0800b1e4       0x2f d:/stm32env/10 2020-q4-major/bin/../lib/gcc/arm-none-eabi/10.2.1/../../../../arm-none-eabi/lib/thumb/v7e-m/nofp\libg.a(lib_a-vfiprintf.o)
 .rodata.blanks.1
                0x0800b1e4       0x10 d:/stm32env/10 2020-q4-major/bin/../lib/gcc/arm-none-eabi/10.2.1/../../../../arm-none-eabi/lib/thumb/v7e-m/nofp\libg.a(lib_a-vfiprintf.o)
 .rodata.zeroes.0
                0x0800b1f4       0x10 d:/stm32env/10 2020-q4-major/bin/../lib/gcc/arm-none-eabi/10.2.1/../../../../arm-none-eabi/lib/thumb/v7e-m/nofp\libg.a(lib_a-vfiprintf.o)
 .rodata.__assert_func.str1.4
                0x0800b204       0x3f d:/stm32env/10 2020-q4-major/bin/../lib/gcc/arm-none-eabi/10.2.1/../../../../arm-none-eabi/lib/thumb/v7e-m/nofp\libg.a(lib_a-assert.o)
                                 0x43 (size before relaxing)
 *fill*         0x0800b243        0x1 
 .rodata._setlocale_r.str1.4
                0x0800b244        0xa d:/stm32env/10 2020-q4-major/bin/../lib/gcc/arm-none-eabi/10.2.1/../../../../arm-none-eabi/lib/thumb/v7e-m/nofp\libg.a(lib_a-locale.o)
                                  0xd (size before relaxing)
 *fill*         0x0800b24e        0x2 
 .rodata.str1.4
                0x0800b250        0x2 d:/stm32env/10 2020-q4-major/bin/../lib/gcc/arm-none-eabi/10.2.1/../../../../arm-none-eabi/lib/thumb/v7e-m/nofp\libg.a(lib_a-locale.o)
 *fill*         0x0800b252        0x2 
 .rodata._ctype_
                0x0800b254      0x101 d:/stm32env/10 2020-q4-major/bin/../lib/gcc/arm-none-eabi/10.2.1/../../../../arm-none-eabi/lib/thumb/v7e-m/nofp\libg.a(lib_a-ctype_.o)
                0x0800b254                _ctype_
                0x0800b358                . = ALIGN (0x4)
 *fill*         0x0800b355        0x3 

.ARM.extab
 *(.ARM.extab* .gnu.linkonce.armextab.*)

.ARM            0x0800b358        0x8
                0x0800b358                __exidx_start = .
 *(.ARM.exidx*)
 .ARM.exidx     0x0800b358        0x8 d:/stm32env/10 2020-q4-major/bin/../lib/gcc/arm-none-eabi/10.2.1/thumb/v7e-m/nofp\libgcc.a(_udivmoddi4.o)
                0x0800b360                __exidx_end = .

.rel.dyn        0x0800b360        0x0
 .rel.iplt      0x0800b360        0x0 d:/stm32env/10 2020-q4-major/bin/../lib/gcc/arm-none-eabi/10.2.1/thumb/v7e-m/nofp/crtbegin.o

.preinit_array  0x0800b360        0x0
                0x0800b360                PROVIDE (__preinit_array_start = .)
 *(.preinit_array*)
                0x0800b360                PROVIDE (__preinit_array_end = .)

.init_array     0x0800b360        0x8
                0x0800b360                PROVIDE (__init_array_start = .)
 *(SORT_BY_NAME(.init_array.*))
 .init_array.00000
                0x0800b360        0x4 d:/stm32env/10 2020-q4-major/bin/../lib/gcc/arm-none-eabi/10.2.1/../../../../arm-none-eabi/lib/thumb/v7e-m/nofp\libg.a(lib_a-__call_atexit.o)
 *(.init_array*)
 .init_array    0x0800b364        0x4 d:/stm32env/10 2020-q4-major/bin/../lib/gcc/arm-none-eabi/10.2.1/thumb/v7e-m/nofp/crtbegin.o
                0x0800b368                PROVIDE (__init_array_end = .)

.fini_array     0x0800b368        0x4
                0x0800b368                PROVIDE (__fini_array_start = .)
 *(SORT_BY_NAME(.fini_array.*))
 *(.fini_array*)
 .fini_array    0x0800b368        0x4 d:/stm32env/10 2020-q4-major/bin/../lib/gcc/arm-none-eabi/10.2.1/thumb/v7e-m/nofp/crtbegin.o
                0x0800b36c                PROVIDE (__fini_array_end = .)
                0x0800b36c                _sidata = LOADADDR (.data)

.data           0x20000000      0x9c0 load address 0x0800b36c
                0x20000000                . = ALIGN (0x4)
                0x20000000                _sdata = .
 *(.data)
 *(.data*)
 .data.SystemCoreClock
                0x20000000        0x4 CMakeFiles/D1.elf.dir/Core/Src/system_stm32f4xx.c.obj
                0x20000000                SystemCoreClock
 .data.LogVersion
                0x20000004        0x4 CMakeFiles/D1.elf.dir/Core/stdlog/retarget.c.obj
                0x20000004                LogVersion
 .data.LogVersionName
                0x20000008        0x4 CMakeFiles/D1.elf.dir/Core/stdlog/retarget.c.obj
                0x20000008                LogVersionName
 .data.uwTickFreq
                0x2000000c        0x1 CMakeFiles/D1.elf.dir/Drivers/STM32F4xx_HAL_Driver/Src/stm32f4xx_hal.c.obj
                0x2000000c                uwTickFreq
 *fill*         0x2000000d        0x3 
 .data.uwTickPrio
                0x20000010        0x4 CMakeFiles/D1.elf.dir/Drivers/STM32F4xx_HAL_Driver/Src/stm32f4xx_hal.c.obj
                0x20000010                uwTickPrio
 .data._impure_ptr
                0x20000014        0x4 d:/stm32env/10 2020-q4-major/bin/../lib/gcc/arm-none-eabi/10.2.1/../../../../arm-none-eabi/lib/thumb/v7e-m/nofp\libg.a(lib_a-impure.o)
                0x20000014                _impure_ptr
 .data.impure_data
                0x20000018      0x428 d:/stm32env/10 2020-q4-major/bin/../lib/gcc/arm-none-eabi/10.2.1/../../../../arm-none-eabi/lib/thumb/v7e-m/nofp\libg.a(lib_a-impure.o)
 .data.__atexit_recursive_mutex
                0x20000440        0x4 d:/stm32env/10 2020-q4-major/bin/../lib/gcc/arm-none-eabi/10.2.1/../../../../arm-none-eabi/lib/thumb/v7e-m/nofp\libg.a(lib_a-__call_atexit.o)
                0x20000440                __atexit_recursive_mutex
 .data.__malloc_av_
                0x20000444      0x408 d:/stm32env/10 2020-q4-major/bin/../lib/gcc/arm-none-eabi/10.2.1/../../../../arm-none-eabi/lib/thumb/v7e-m/nofp\libg.a(lib_a-mallocr.o)
                0x20000444                __malloc_av_
 .data.__malloc_sbrk_base
                0x2000084c        0x4 d:/stm32env/10 2020-q4-major/bin/../lib/gcc/arm-none-eabi/10.2.1/../../../../arm-none-eabi/lib/thumb/v7e-m/nofp\libg.a(lib_a-mallocr.o)
                0x2000084c                __malloc_sbrk_base
 .data.__malloc_trim_threshold
                0x20000850        0x4 d:/stm32env/10 2020-q4-major/bin/../lib/gcc/arm-none-eabi/10.2.1/../../../../arm-none-eabi/lib/thumb/v7e-m/nofp\libg.a(lib_a-mallocr.o)
                0x20000850                __malloc_trim_threshold
 .data.__global_locale
                0x20000854      0x16c d:/stm32env/10 2020-q4-major/bin/../lib/gcc/arm-none-eabi/10.2.1/../../../../arm-none-eabi/lib/thumb/v7e-m/nofp\libg.a(lib_a-locale.o)
                0x20000854                __global_locale
                0x200009c0                . = ALIGN (0x4)
                0x200009c0                _edata = .
                0x0800bd2c                _siccmram = LOADADDR (.ccmram)

.igot.plt       0x200009c0        0x0 load address 0x0800bd2c
 .igot.plt      0x200009c0        0x0 d:/stm32env/10 2020-q4-major/bin/../lib/gcc/arm-none-eabi/10.2.1/thumb/v7e-m/nofp/crtbegin.o

.ccmram         0x10000000        0x0 load address 0x0800bd2c
                0x10000000                . = ALIGN (0x4)
                0x10000000                _sccmram = .
 *(.ccmram)
 *(.ccmram*)
                0x10000000                . = ALIGN (0x4)
                0x10000000                _eccmram = .
                0x10000000                . = ALIGN (0x4)

.bss            0x200009c0      0x178
                0x200009c0                _sbss = .
                0x200009c0                __bss_start__ = _sbss
 *(.bss)
 .bss           0x200009c0       0x1c d:/stm32env/10 2020-q4-major/bin/../lib/gcc/arm-none-eabi/10.2.1/thumb/v7e-m/nofp/crtbegin.o
 *(.bss*)
 .bss.abc       0x200009dc        0x4 CMakeFiles/D1.elf.dir/Core/Src/main.c.obj
                0x200009dc                abc
 .bss.buf       0x200009e0        0x1 CMakeFiles/D1.elf.dir/Core/Src/main.c.obj
                0x200009e0                buf
 .bss.ds18b20_id
                0x200009e1        0x1 CMakeFiles/D1.elf.dir/Core/Src/main.c.obj
                0x200009e1                ds18b20_id
 *fill*         0x200009e2        0x2 
 .bss.heap_end.0
                0x200009e4        0x4 CMakeFiles/D1.elf.dir/Core/Src/syscalls.c.obj
 .bss.htim1     0x200009e8       0x40 CMakeFiles/D1.elf.dir/Core/Src/tim.c.obj
                0x200009e8                htim1
 .bss.huart1    0x20000a28       0x40 CMakeFiles/D1.elf.dir/Core/Src/usart.c.obj
                0x20000a28                huart1
 .bss.huart2    0x20000a68       0x40 CMakeFiles/D1.elf.dir/Core/Src/usart.c.obj
                0x20000a68                huart2
 .bss.huart3    0x20000aa8       0x40 CMakeFiles/D1.elf.dir/Core/Src/usart.c.obj
                0x20000aa8                huart3
 .bss.gHuart    0x20000ae8        0x4 CMakeFiles/D1.elf.dir/Core/stdlog/retarget.c.obj
                0x20000ae8                gHuart
 .bss.uwTick    0x20000aec        0x4 CMakeFiles/D1.elf.dir/Drivers/STM32F4xx_HAL_Driver/Src/stm32f4xx_hal.c.obj
                0x20000aec                uwTick
 .bss.__lock___atexit_recursive_mutex
                0x20000af0        0x1 d:/stm32env/10 2020-q4-major/bin/../lib/gcc/arm-none-eabi/10.2.1/../../../../arm-none-eabi/lib/thumb/v7e-m/nofp\libg.a(lib_a-lock.o)
                0x20000af0                __lock___atexit_recursive_mutex
 *fill*         0x20000af1        0x3 
 .bss.__lock___malloc_recursive_mutex
                0x20000af4        0x1 d:/stm32env/10 2020-q4-major/bin/../lib/gcc/arm-none-eabi/10.2.1/../../../../arm-none-eabi/lib/thumb/v7e-m/nofp\libg.a(lib_a-lock.o)
                0x20000af4                __lock___malloc_recursive_mutex
 *fill*         0x20000af5        0x3 
 .bss.__lock___sfp_recursive_mutex
                0x20000af8        0x1 d:/stm32env/10 2020-q4-major/bin/../lib/gcc/arm-none-eabi/10.2.1/../../../../arm-none-eabi/lib/thumb/v7e-m/nofp\libg.a(lib_a-lock.o)
                0x20000af8                __lock___sfp_recursive_mutex
 *fill*         0x20000af9        0x3 
 .bss.__lock___sinit_recursive_mutex
                0x20000afc        0x1 d:/stm32env/10 2020-q4-major/bin/../lib/gcc/arm-none-eabi/10.2.1/../../../../arm-none-eabi/lib/thumb/v7e-m/nofp\libg.a(lib_a-lock.o)
                0x20000afc                __lock___sinit_recursive_mutex
 *fill*         0x20000afd        0x3 
 .bss.__malloc_current_mallinfo
                0x20000b00       0x28 d:/stm32env/10 2020-q4-major/bin/../lib/gcc/arm-none-eabi/10.2.1/../../../../arm-none-eabi/lib/thumb/v7e-m/nofp\libg.a(lib_a-mallocr.o)
                0x20000b00                __malloc_current_mallinfo
 .bss.__malloc_max_sbrked_mem
                0x20000b28        0x4 d:/stm32env/10 2020-q4-major/bin/../lib/gcc/arm-none-eabi/10.2.1/../../../../arm-none-eabi/lib/thumb/v7e-m/nofp\libg.a(lib_a-mallocr.o)
                0x20000b28                __malloc_max_sbrked_mem
 .bss.__malloc_max_total_mem
                0x20000b2c        0x4 d:/stm32env/10 2020-q4-major/bin/../lib/gcc/arm-none-eabi/10.2.1/../../../../arm-none-eabi/lib/thumb/v7e-m/nofp\libg.a(lib_a-mallocr.o)
                0x20000b2c                __malloc_max_total_mem
 .bss.__malloc_top_pad
                0x20000b30        0x4 d:/stm32env/10 2020-q4-major/bin/../lib/gcc/arm-none-eabi/10.2.1/../../../../arm-none-eabi/lib/thumb/v7e-m/nofp\libg.a(lib_a-mallocr.o)
                0x20000b30                __malloc_top_pad
 .bss.errno     0x20000b34        0x4 d:/stm32env/10 2020-q4-major/bin/../lib/gcc/arm-none-eabi/10.2.1/../../../../arm-none-eabi/lib/thumb/v7e-m/nofp\libg.a(lib_a-reent.o)
                0x20000b34                errno
 *(COMMON)
                0x20000b38                . = ALIGN (0x4)
                0x20000b38                _ebss = .
                0x20000b38                __bss_end__ = _ebss

._user_heap_stack
                0x20000b38      0x600
                0x20000b38                . = ALIGN (0x8)
                0x20000b38                PROVIDE (end = .)
                [!provide]                PROVIDE (_end = .)
                0x20000d38                . = (. + _Min_Heap_Size)
 *fill*         0x20000b38      0x200 
                0x20001138                . = (. + _Min_Stack_Size)
 *fill*         0x20000d38      0x400 
                0x20001138                . = ALIGN (0x8)

/DISCARD/
 libc.a(*)
 libm.a(*)
 libgcc.a(*)

.ARM.attributes
                0x00000000       0x2a
 *(.ARM.attributes)
 .ARM.attributes
                0x00000000       0x1e d:/stm32env/10 2020-q4-major/bin/../lib/gcc/arm-none-eabi/10.2.1/thumb/v7e-m/nofp/crti.o
 .ARM.attributes
                0x0000001e       0x2e d:/stm32env/10 2020-q4-major/bin/../lib/gcc/arm-none-eabi/10.2.1/thumb/v7e-m/nofp/crtbegin.o
 .ARM.attributes
                0x0000004c       0x2e CMakeFiles/D1.elf.dir/Core/Src/gpio.c.obj
 .ARM.attributes
                0x0000007a       0x2e CMakeFiles/D1.elf.dir/Core/Src/main.c.obj
 .ARM.attributes
                0x000000a8       0x2e CMakeFiles/D1.elf.dir/Core/Src/stm32f4xx_hal_msp.c.obj
 .ARM.attributes
                0x000000d6       0x2e CMakeFiles/D1.elf.dir/Core/Src/stm32f4xx_it.c.obj
 .ARM.attributes
                0x00000104       0x2e CMakeFiles/D1.elf.dir/Core/Src/syscalls.c.obj
 .ARM.attributes
                0x00000132       0x2e CMakeFiles/D1.elf.dir/Core/Src/system_stm32f4xx.c.obj
 .ARM.attributes
                0x00000160       0x2e CMakeFiles/D1.elf.dir/Core/Src/tim.c.obj
 .ARM.attributes
                0x0000018e       0x2e CMakeFiles/D1.elf.dir/Core/Src/usart.c.obj
 .ARM.attributes
                0x000001bc       0x2e CMakeFiles/D1.elf.dir/Core/ds18b20/bsp_ds18b20.c.obj
 .ARM.attributes
                0x000001ea       0x2e CMakeFiles/D1.elf.dir/Core/stdlog/retarget.c.obj
 .ARM.attributes
                0x00000218       0x2e CMakeFiles/D1.elf.dir/Core/stdlog/stdlog.c.obj
 .ARM.attributes
                0x00000246       0x2e CMakeFiles/D1.elf.dir/Drivers/STM32F4xx_HAL_Driver/Src/stm32f4xx_hal.c.obj
 .ARM.attributes
                0x00000274       0x2e CMakeFiles/D1.elf.dir/Drivers/STM32F4xx_HAL_Driver/Src/stm32f4xx_hal_cortex.c.obj
 .ARM.attributes
                0x000002a2       0x2e CMakeFiles/D1.elf.dir/Drivers/STM32F4xx_HAL_Driver/Src/stm32f4xx_hal_dma.c.obj
 .ARM.attributes
                0x000002d0       0x2e CMakeFiles/D1.elf.dir/Drivers/STM32F4xx_HAL_Driver/Src/stm32f4xx_hal_gpio.c.obj
 .ARM.attributes
                0x000002fe       0x2e CMakeFiles/D1.elf.dir/Drivers/STM32F4xx_HAL_Driver/Src/stm32f4xx_hal_rcc.c.obj
 .ARM.attributes
                0x0000032c       0x2e CMakeFiles/D1.elf.dir/Drivers/STM32F4xx_HAL_Driver/Src/stm32f4xx_hal_tim.c.obj
 .ARM.attributes
                0x0000035a       0x2e CMakeFiles/D1.elf.dir/Drivers/STM32F4xx_HAL_Driver/Src/stm32f4xx_hal_tim_ex.c.obj
 .ARM.attributes
                0x00000388       0x2e CMakeFiles/D1.elf.dir/Drivers/STM32F4xx_HAL_Driver/Src/stm32f4xx_hal_uart.c.obj
 .ARM.attributes
                0x000003b6       0x2e CMakeFiles/D1.elf.dir/Drivers/STM32F4xx_HAL_Driver/Src/stm32f4xx_ll_utils.c.obj
 .ARM.attributes
                0x000003e4       0x21 CMakeFiles/D1.elf.dir/startup/startup_stm32f407xx.s.obj
 .ARM.attributes
                0x00000405       0x1e d:/stm32env/10 2020-q4-major/bin/../lib/gcc/arm-none-eabi/10.2.1/thumb/v7e-m/nofp\libgcc.a(_arm_mulsf3.o)
 .ARM.attributes
                0x00000423       0x1e d:/stm32env/10 2020-q4-major/bin/../lib/gcc/arm-none-eabi/10.2.1/thumb/v7e-m/nofp\libgcc.a(_arm_addsubsf3.o)
 .ARM.attributes
                0x00000441       0x1e d:/stm32env/10 2020-q4-major/bin/../lib/gcc/arm-none-eabi/10.2.1/thumb/v7e-m/nofp\libgcc.a(_arm_fixsfsi.o)
 .ARM.attributes
                0x0000045f       0x1e d:/stm32env/10 2020-q4-major/bin/../lib/gcc/arm-none-eabi/10.2.1/thumb/v7e-m/nofp\libgcc.a(_aeabi_uldivmod.o)
 .ARM.attributes
                0x0000047d       0x2e d:/stm32env/10 2020-q4-major/bin/../lib/gcc/arm-none-eabi/10.2.1/thumb/v7e-m/nofp\libgcc.a(_udivmoddi4.o)
 .ARM.attributes
                0x000004ab       0x1e d:/stm32env/10 2020-q4-major/bin/../lib/gcc/arm-none-eabi/10.2.1/thumb/v7e-m/nofp\libgcc.a(_dvmd_tls.o)
 .ARM.attributes
                0x000004c9       0x2e d:/stm32env/10 2020-q4-major/bin/../lib/gcc/arm-none-eabi/10.2.1/../../../../arm-none-eabi/lib/thumb/v7e-m/nofp\libg.a(lib_a-errno.o)
 .ARM.attributes
                0x000004f7       0x2e d:/stm32env/10 2020-q4-major/bin/../lib/gcc/arm-none-eabi/10.2.1/../../../../arm-none-eabi/lib/thumb/v7e-m/nofp\libg.a(lib_a-impure.o)
 .ARM.attributes
                0x00000525       0x2e d:/stm32env/10 2020-q4-major/bin/../lib/gcc/arm-none-eabi/10.2.1/../../../../arm-none-eabi/lib/thumb/v7e-m/nofp\libg.a(lib_a-init.o)
 .ARM.attributes
                0x00000553       0x2e d:/stm32env/10 2020-q4-major/bin/../lib/gcc/arm-none-eabi/10.2.1/../../../../arm-none-eabi/lib/thumb/v7e-m/nofp\libg.a(lib_a-memset.o)
 .ARM.attributes
                0x00000581       0x2e d:/stm32env/10 2020-q4-major/bin/../lib/gcc/arm-none-eabi/10.2.1/../../../../arm-none-eabi/lib/thumb/v7e-m/nofp\libg.a(lib_a-printf.o)
 .ARM.attributes
                0x000005af       0x2e d:/stm32env/10 2020-q4-major/bin/../lib/gcc/arm-none-eabi/10.2.1/../../../../arm-none-eabi/lib/thumb/v7e-m/nofp\libg.a(lib_a-putchar.o)
 .ARM.attributes
                0x000005dd       0x2e d:/stm32env/10 2020-q4-major/bin/../lib/gcc/arm-none-eabi/10.2.1/../../../../arm-none-eabi/lib/thumb/v7e-m/nofp\libg.a(lib_a-puts.o)
 .ARM.attributes
                0x0000060b       0x2e d:/stm32env/10 2020-q4-major/bin/../lib/gcc/arm-none-eabi/10.2.1/../../../../arm-none-eabi/lib/thumb/v7e-m/nofp\libg.a(lib_a-setvbuf.o)
 .ARM.attributes
                0x00000639       0x2e d:/stm32env/10 2020-q4-major/bin/../lib/gcc/arm-none-eabi/10.2.1/../../../../arm-none-eabi/lib/thumb/v7e-m/nofp\libg.a(lib_a-sprintf.o)
 .ARM.attributes
                0x00000667       0x1c d:/stm32env/10 2020-q4-major/bin/../lib/gcc/arm-none-eabi/10.2.1/../../../../arm-none-eabi/lib/thumb/v7e-m/nofp\libg.a(lib_a-strlen.o)
 .ARM.attributes
                0x00000683       0x2e d:/stm32env/10 2020-q4-major/bin/../lib/gcc/arm-none-eabi/10.2.1/../../../../arm-none-eabi/lib/thumb/v7e-m/nofp\libg.a(lib_a-svfprintf.o)
 .ARM.attributes
                0x000006b1       0x2e d:/stm32env/10 2020-q4-major/bin/../lib/gcc/arm-none-eabi/10.2.1/../../../../arm-none-eabi/lib/thumb/v7e-m/nofp\libg.a(lib_a-vfprintf.o)
 .ARM.attributes
                0x000006df       0x2e d:/stm32env/10 2020-q4-major/bin/../lib/gcc/arm-none-eabi/10.2.1/../../../../arm-none-eabi/lib/thumb/v7e-m/nofp\libg.a(lib_a-vprintf.o)
 .ARM.attributes
                0x0000070d       0x2e d:/stm32env/10 2020-q4-major/bin/../lib/gcc/arm-none-eabi/10.2.1/../../../../arm-none-eabi/lib/thumb/v7e-m/nofp\libg.a(lib_a-wsetup.o)
 .ARM.attributes
                0x0000073b       0x2e d:/stm32env/10 2020-q4-major/bin/../lib/gcc/arm-none-eabi/10.2.1/../../../../arm-none-eabi/lib/thumb/v7e-m/nofp\libg.a(lib_a-__call_atexit.o)
 .ARM.attributes
                0x00000769       0x2e d:/stm32env/10 2020-q4-major/bin/../lib/gcc/arm-none-eabi/10.2.1/../../../../arm-none-eabi/lib/thumb/v7e-m/nofp\libg.a(lib_a-atexit.o)
 .ARM.attributes
                0x00000797       0x2e d:/stm32env/10 2020-q4-major/bin/../lib/gcc/arm-none-eabi/10.2.1/../../../../arm-none-eabi/lib/thumb/v7e-m/nofp\libg.a(lib_a-dtoa.o)
 .ARM.attributes
                0x000007c5       0x2e d:/stm32env/10 2020-q4-major/bin/../lib/gcc/arm-none-eabi/10.2.1/../../../../arm-none-eabi/lib/thumb/v7e-m/nofp\libg.a(lib_a-fflush.o)
 .ARM.attributes
                0x000007f3       0x2e d:/stm32env/10 2020-q4-major/bin/../lib/gcc/arm-none-eabi/10.2.1/../../../../arm-none-eabi/lib/thumb/v7e-m/nofp\libg.a(lib_a-findfp.o)
 .ARM.attributes
                0x00000821       0x2e d:/stm32env/10 2020-q4-major/bin/../lib/gcc/arm-none-eabi/10.2.1/../../../../arm-none-eabi/lib/thumb/v7e-m/nofp\libg.a(lib_a-fini.o)
 .ARM.attributes
                0x0000084f       0x2e d:/stm32env/10 2020-q4-major/bin/../lib/gcc/arm-none-eabi/10.2.1/../../../../arm-none-eabi/lib/thumb/v7e-m/nofp\libg.a(lib_a-freer.o)
 .ARM.attributes
                0x0000087d       0x2e d:/stm32env/10 2020-q4-major/bin/../lib/gcc/arm-none-eabi/10.2.1/../../../../arm-none-eabi/lib/thumb/v7e-m/nofp\libg.a(lib_a-fvwrite.o)
 .ARM.attributes
                0x000008ab       0x2e d:/stm32env/10 2020-q4-major/bin/../lib/gcc/arm-none-eabi/10.2.1/../../../../arm-none-eabi/lib/thumb/v7e-m/nofp\libg.a(lib_a-fwalk.o)
 .ARM.attributes
                0x000008d9       0x2e d:/stm32env/10 2020-q4-major/bin/../lib/gcc/arm-none-eabi/10.2.1/../../../../arm-none-eabi/lib/thumb/v7e-m/nofp\libg.a(lib_a-localeconv.o)
 .ARM.attributes
                0x00000907       0x2e d:/stm32env/10 2020-q4-major/bin/../lib/gcc/arm-none-eabi/10.2.1/../../../../arm-none-eabi/lib/thumb/v7e-m/nofp\libg.a(lib_a-lock.o)
 .ARM.attributes
                0x00000935       0x2e d:/stm32env/10 2020-q4-major/bin/../lib/gcc/arm-none-eabi/10.2.1/../../../../arm-none-eabi/lib/thumb/v7e-m/nofp\libg.a(lib_a-makebuf.o)
 .ARM.attributes
                0x00000963       0x2e d:/stm32env/10 2020-q4-major/bin/../lib/gcc/arm-none-eabi/10.2.1/../../../../arm-none-eabi/lib/thumb/v7e-m/nofp\libg.a(lib_a-malloc.o)
 .ARM.attributes
                0x00000991       0x2e d:/stm32env/10 2020-q4-major/bin/../lib/gcc/arm-none-eabi/10.2.1/../../../../arm-none-eabi/lib/thumb/v7e-m/nofp\libg.a(lib_a-mallocr.o)
 .ARM.attributes
                0x000009bf       0x1c d:/stm32env/10 2020-q4-major/bin/../lib/gcc/arm-none-eabi/10.2.1/../../../../arm-none-eabi/lib/thumb/v7e-m/nofp\libg.a(lib_a-memchr.o)
 .ARM.attributes
                0x000009db       0x1c d:/stm32env/10 2020-q4-major/bin/../lib/gcc/arm-none-eabi/10.2.1/../../../../arm-none-eabi/lib/thumb/v7e-m/nofp\libg.a(lib_a-memcpy.o)
 .ARM.attributes
                0x000009f7       0x2e d:/stm32env/10 2020-q4-major/bin/../lib/gcc/arm-none-eabi/10.2.1/../../../../arm-none-eabi/lib/thumb/v7e-m/nofp\libg.a(lib_a-memmove.o)
 .ARM.attributes
                0x00000a25       0x2e d:/stm32env/10 2020-q4-major/bin/../lib/gcc/arm-none-eabi/10.2.1/../../../../arm-none-eabi/lib/thumb/v7e-m/nofp\libg.a(lib_a-mlock.o)
 .ARM.attributes
                0x00000a53       0x2e d:/stm32env/10 2020-q4-major/bin/../lib/gcc/arm-none-eabi/10.2.1/../../../../arm-none-eabi/lib/thumb/v7e-m/nofp\libg.a(lib_a-mprec.o)
 .ARM.attributes
                0x00000a81       0x2e d:/stm32env/10 2020-q4-major/bin/../lib/gcc/arm-none-eabi/10.2.1/../../../../arm-none-eabi/lib/thumb/v7e-m/nofp\libg.a(lib_a-putc.o)
 .ARM.attributes
                0x00000aaf       0x2e d:/stm32env/10 2020-q4-major/bin/../lib/gcc/arm-none-eabi/10.2.1/../../../../arm-none-eabi/lib/thumb/v7e-m/nofp\libg.a(lib_a-reallocr.o)
 .ARM.attributes
                0x00000add       0x2e d:/stm32env/10 2020-q4-major/bin/../lib/gcc/arm-none-eabi/10.2.1/../../../../arm-none-eabi/lib/thumb/v7e-m/nofp\libg.a(lib_a-s_frexp.o)
 .ARM.attributes
                0x00000b0b       0x2e d:/stm32env/10 2020-q4-major/bin/../lib/gcc/arm-none-eabi/10.2.1/../../../../arm-none-eabi/lib/thumb/v7e-m/nofp\libg.a(lib_a-sbrkr.o)
 .ARM.attributes
                0x00000b39       0x2e d:/stm32env/10 2020-q4-major/bin/../lib/gcc/arm-none-eabi/10.2.1/../../../../arm-none-eabi/lib/thumb/v7e-m/nofp\libg.a(lib_a-stdio.o)
 .ARM.attributes
                0x00000b67       0x2e d:/stm32env/10 2020-q4-major/bin/../lib/gcc/arm-none-eabi/10.2.1/../../../../arm-none-eabi/lib/thumb/v7e-m/nofp\libg.a(lib_a-strncpy.o)
 .ARM.attributes
                0x00000b95       0x2e d:/stm32env/10 2020-q4-major/bin/../lib/gcc/arm-none-eabi/10.2.1/../../../../arm-none-eabi/lib/thumb/v7e-m/nofp\libg.a(lib_a-svfiprintf.o)
 .ARM.attributes
                0x00000bc3       0x2e d:/stm32env/10 2020-q4-major/bin/../lib/gcc/arm-none-eabi/10.2.1/../../../../arm-none-eabi/lib/thumb/v7e-m/nofp\libg.a(lib_a-vfiprintf.o)
 .ARM.attributes
                0x00000bf1       0x2e d:/stm32env/10 2020-q4-major/bin/../lib/gcc/arm-none-eabi/10.2.1/../../../../arm-none-eabi/lib/thumb/v7e-m/nofp\libg.a(lib_a-wbuf.o)
 .ARM.attributes
                0x00000c1f       0x2e d:/stm32env/10 2020-q4-major/bin/../lib/gcc/arm-none-eabi/10.2.1/../../../../arm-none-eabi/lib/thumb/v7e-m/nofp\libg.a(lib_a-writer.o)
 .ARM.attributes
                0x00000c4d       0x2e d:/stm32env/10 2020-q4-major/bin/../lib/gcc/arm-none-eabi/10.2.1/../../../../arm-none-eabi/lib/thumb/v7e-m/nofp\libg.a(lib_a-__atexit.o)
 .ARM.attributes
                0x00000c7b       0x2e d:/stm32env/10 2020-q4-major/bin/../lib/gcc/arm-none-eabi/10.2.1/../../../../arm-none-eabi/lib/thumb/v7e-m/nofp\libg.a(lib_a-assert.o)
 .ARM.attributes
                0x00000ca9       0x2e d:/stm32env/10 2020-q4-major/bin/../lib/gcc/arm-none-eabi/10.2.1/../../../../arm-none-eabi/lib/thumb/v7e-m/nofp\libg.a(lib_a-callocr.o)
 .ARM.attributes
                0x00000cd7       0x2e d:/stm32env/10 2020-q4-major/bin/../lib/gcc/arm-none-eabi/10.2.1/../../../../arm-none-eabi/lib/thumb/v7e-m/nofp\libg.a(lib_a-closer.o)
 .ARM.attributes
                0x00000d05       0x2e d:/stm32env/10 2020-q4-major/bin/../lib/gcc/arm-none-eabi/10.2.1/../../../../arm-none-eabi/lib/thumb/v7e-m/nofp\libg.a(lib_a-fclose.o)
 .ARM.attributes
                0x00000d33       0x2e d:/stm32env/10 2020-q4-major/bin/../lib/gcc/arm-none-eabi/10.2.1/../../../../arm-none-eabi/lib/thumb/v7e-m/nofp\libg.a(lib_a-fiprintf.o)
 .ARM.attributes
                0x00000d61       0x2e d:/stm32env/10 2020-q4-major/bin/../lib/gcc/arm-none-eabi/10.2.1/../../../../arm-none-eabi/lib/thumb/v7e-m/nofp\libg.a(lib_a-fputwc.o)
 .ARM.attributes
                0x00000d8f       0x2e d:/stm32env/10 2020-q4-major/bin/../lib/gcc/arm-none-eabi/10.2.1/../../../../arm-none-eabi/lib/thumb/v7e-m/nofp\libg.a(lib_a-fstatr.o)
 .ARM.attributes
                0x00000dbd       0x2e d:/stm32env/10 2020-q4-major/bin/../lib/gcc/arm-none-eabi/10.2.1/../../../../arm-none-eabi/lib/thumb/v7e-m/nofp\libg.a(lib_a-isattyr.o)
 .ARM.attributes
                0x00000deb       0x2e d:/stm32env/10 2020-q4-major/bin/../lib/gcc/arm-none-eabi/10.2.1/../../../../arm-none-eabi/lib/thumb/v7e-m/nofp\libg.a(lib_a-locale.o)
 .ARM.attributes
                0x00000e19       0x2e d:/stm32env/10 2020-q4-major/bin/../lib/gcc/arm-none-eabi/10.2.1/../../../../arm-none-eabi/lib/thumb/v7e-m/nofp\libg.a(lib_a-lseekr.o)
 .ARM.attributes
                0x00000e47       0x2e d:/stm32env/10 2020-q4-major/bin/../lib/gcc/arm-none-eabi/10.2.1/../../../../arm-none-eabi/lib/thumb/v7e-m/nofp\libg.a(lib_a-mbtowc_r.o)
 .ARM.attributes
                0x00000e75       0x2e d:/stm32env/10 2020-q4-major/bin/../lib/gcc/arm-none-eabi/10.2.1/../../../../arm-none-eabi/lib/thumb/v7e-m/nofp\libg.a(lib_a-readr.o)
 .ARM.attributes
                0x00000ea3       0x2e d:/stm32env/10 2020-q4-major/bin/../lib/gcc/arm-none-eabi/10.2.1/../../../../arm-none-eabi/lib/thumb/v7e-m/nofp\libg.a(lib_a-reent.o)
 .ARM.attributes
                0x00000ed1       0x2e d:/stm32env/10 2020-q4-major/bin/../lib/gcc/arm-none-eabi/10.2.1/../../../../arm-none-eabi/lib/thumb/v7e-m/nofp\libg.a(lib_a-wcrtomb.o)
 .ARM.attributes
                0x00000eff       0x2e d:/stm32env/10 2020-q4-major/bin/../lib/gcc/arm-none-eabi/10.2.1/../../../../arm-none-eabi/lib/thumb/v7e-m/nofp\libg.a(lib_a-wctomb_r.o)
 .ARM.attributes
                0x00000f2d       0x2e d:/stm32env/10 2020-q4-major/bin/../lib/gcc/arm-none-eabi/10.2.1/../../../../arm-none-eabi/lib/thumb/v7e-m/nofp\libg.a(lib_a-abort.o)
 .ARM.attributes
                0x00000f5b       0x2e d:/stm32env/10 2020-q4-major/bin/../lib/gcc/arm-none-eabi/10.2.1/../../../../arm-none-eabi/lib/thumb/v7e-m/nofp\libg.a(lib_a-ctype_.o)
 .ARM.attributes
                0x00000f89       0x2e d:/stm32env/10 2020-q4-major/bin/../lib/gcc/arm-none-eabi/10.2.1/../../../../arm-none-eabi/lib/thumb/v7e-m/nofp\libg.a(lib_a-signal.o)
 .ARM.attributes
                0x00000fb7       0x2e d:/stm32env/10 2020-q4-major/bin/../lib/gcc/arm-none-eabi/10.2.1/../../../../arm-none-eabi/lib/thumb/v7e-m/nofp\libg.a(lib_a-signalr.o)
 .ARM.attributes
                0x00000fe5       0x1e d:/stm32env/10 2020-q4-major/bin/../lib/gcc/arm-none-eabi/10.2.1/thumb/v7e-m/nofp\libgcc.a(_arm_addsubdf3.o)
 .ARM.attributes
                0x00001003       0x1e d:/stm32env/10 2020-q4-major/bin/../lib/gcc/arm-none-eabi/10.2.1/thumb/v7e-m/nofp\libgcc.a(_arm_muldivdf3.o)
 .ARM.attributes
                0x00001021       0x1e d:/stm32env/10 2020-q4-major/bin/../lib/gcc/arm-none-eabi/10.2.1/thumb/v7e-m/nofp\libgcc.a(_arm_cmpdf2.o)
 .ARM.attributes
                0x0000103f       0x1e d:/stm32env/10 2020-q4-major/bin/../lib/gcc/arm-none-eabi/10.2.1/thumb/v7e-m/nofp\libgcc.a(_arm_unorddf2.o)
 .ARM.attributes
                0x0000105d       0x1e d:/stm32env/10 2020-q4-major/bin/../lib/gcc/arm-none-eabi/10.2.1/thumb/v7e-m/nofp\libgcc.a(_arm_fixdfsi.o)
 .ARM.attributes
                0x0000107b       0x1e d:/stm32env/10 2020-q4-major/bin/../lib/gcc/arm-none-eabi/10.2.1/thumb/v7e-m/nofp/crtn.o
OUTPUT(D1.elf elf32-littlearm)
LOAD linker stubs
LOAD d:/stm32env/10 2020-q4-major/bin/../lib/gcc/arm-none-eabi/10.2.1/../../../../arm-none-eabi/lib/thumb/v7e-m/nofp\libc.a
LOAD d:/stm32env/10 2020-q4-major/bin/../lib/gcc/arm-none-eabi/10.2.1/../../../../arm-none-eabi/lib/thumb/v7e-m/nofp\libm.a
LOAD d:/stm32env/10 2020-q4-major/bin/../lib/gcc/arm-none-eabi/10.2.1/thumb/v7e-m/nofp\libgcc.a

.debug_info     0x00000000    0x1145d
 .debug_info    0x00000000      0x568 CMakeFiles/D1.elf.dir/Core/Src/gpio.c.obj
 .debug_info    0x00000568      0xfbb CMakeFiles/D1.elf.dir/Core/Src/main.c.obj
 .debug_info    0x00001523      0x2eb CMakeFiles/D1.elf.dir/Core/Src/stm32f4xx_hal_msp.c.obj
 .debug_info    0x0000180e      0x6a7 CMakeFiles/D1.elf.dir/Core/Src/stm32f4xx_it.c.obj
 .debug_info    0x00001eb5      0x750 CMakeFiles/D1.elf.dir/Core/Src/syscalls.c.obj
 .debug_info    0x00002605      0x538 CMakeFiles/D1.elf.dir/Core/Src/system_stm32f4xx.c.obj
 .debug_info    0x00002b3d      0x9b4 CMakeFiles/D1.elf.dir/Core/Src/tim.c.obj
 .debug_info    0x000034f1      0xe3a CMakeFiles/D1.elf.dir/Core/Src/usart.c.obj
 .debug_info    0x0000432b      0x9f5 CMakeFiles/D1.elf.dir/Core/ds18b20/bsp_ds18b20.c.obj
 .debug_info    0x00004d20     0x13fb CMakeFiles/D1.elf.dir/Core/stdlog/retarget.c.obj
 .debug_info    0x0000611b      0x979 CMakeFiles/D1.elf.dir/Core/stdlog/stdlog.c.obj
 .debug_info    0x00006a94      0x9f0 CMakeFiles/D1.elf.dir/Drivers/STM32F4xx_HAL_Driver/Src/stm32f4xx_hal.c.obj
 .debug_info    0x00007484     0x1098 CMakeFiles/D1.elf.dir/Drivers/STM32F4xx_HAL_Driver/Src/stm32f4xx_hal_cortex.c.obj
 .debug_info    0x0000851c      0xb3f CMakeFiles/D1.elf.dir/Drivers/STM32F4xx_HAL_Driver/Src/stm32f4xx_hal_dma.c.obj
 .debug_info    0x0000905b      0x79b CMakeFiles/D1.elf.dir/Drivers/STM32F4xx_HAL_Driver/Src/stm32f4xx_hal_gpio.c.obj
 .debug_info    0x000097f6      0xb03 CMakeFiles/D1.elf.dir/Drivers/STM32F4xx_HAL_Driver/Src/stm32f4xx_hal_rcc.c.obj
 .debug_info    0x0000a2f9     0x35d9 CMakeFiles/D1.elf.dir/Drivers/STM32F4xx_HAL_Driver/Src/stm32f4xx_hal_tim.c.obj
 .debug_info    0x0000d8d2     0x160b CMakeFiles/D1.elf.dir/Drivers/STM32F4xx_HAL_Driver/Src/stm32f4xx_hal_tim_ex.c.obj
 .debug_info    0x0000eedd     0x1906 CMakeFiles/D1.elf.dir/Drivers/STM32F4xx_HAL_Driver/Src/stm32f4xx_hal_uart.c.obj
 .debug_info    0x000107e3      0xc58 CMakeFiles/D1.elf.dir/Drivers/STM32F4xx_HAL_Driver/Src/stm32f4xx_ll_utils.c.obj
 .debug_info    0x0001143b       0x22 CMakeFiles/D1.elf.dir/startup/startup_stm32f407xx.s.obj

.debug_abbrev   0x00000000     0x2ac5
 .debug_abbrev  0x00000000      0x166 CMakeFiles/D1.elf.dir/Core/Src/gpio.c.obj
 .debug_abbrev  0x00000166      0x2be CMakeFiles/D1.elf.dir/Core/Src/main.c.obj
 .debug_abbrev  0x00000424       0xe9 CMakeFiles/D1.elf.dir/Core/Src/stm32f4xx_hal_msp.c.obj
 .debug_abbrev  0x0000050d      0x191 CMakeFiles/D1.elf.dir/Core/Src/stm32f4xx_it.c.obj
 .debug_abbrev  0x0000069e      0x1da CMakeFiles/D1.elf.dir/Core/Src/syscalls.c.obj
 .debug_abbrev  0x00000878      0x119 CMakeFiles/D1.elf.dir/Core/Src/system_stm32f4xx.c.obj
 .debug_abbrev  0x00000991      0x1dd CMakeFiles/D1.elf.dir/Core/Src/tim.c.obj
 .debug_abbrev  0x00000b6e      0x1f4 CMakeFiles/D1.elf.dir/Core/Src/usart.c.obj
 .debug_abbrev  0x00000d62      0x277 CMakeFiles/D1.elf.dir/Core/ds18b20/bsp_ds18b20.c.obj
 .debug_abbrev  0x00000fd9      0x2d6 CMakeFiles/D1.elf.dir/Core/stdlog/retarget.c.obj
 .debug_abbrev  0x000012af      0x212 CMakeFiles/D1.elf.dir/Core/stdlog/stdlog.c.obj
 .debug_abbrev  0x000014c1      0x206 CMakeFiles/D1.elf.dir/Drivers/STM32F4xx_HAL_Driver/Src/stm32f4xx_hal.c.obj
 .debug_abbrev  0x000016c7      0x36a CMakeFiles/D1.elf.dir/Drivers/STM32F4xx_HAL_Driver/Src/stm32f4xx_hal_cortex.c.obj
 .debug_abbrev  0x00001a31      0x2c2 CMakeFiles/D1.elf.dir/Drivers/STM32F4xx_HAL_Driver/Src/stm32f4xx_hal_dma.c.obj
 .debug_abbrev  0x00001cf3      0x1ef CMakeFiles/D1.elf.dir/Drivers/STM32F4xx_HAL_Driver/Src/stm32f4xx_hal_gpio.c.obj
 .debug_abbrev  0x00001ee2      0x28a CMakeFiles/D1.elf.dir/Drivers/STM32F4xx_HAL_Driver/Src/stm32f4xx_hal_rcc.c.obj
 .debug_abbrev  0x0000216c      0x22b CMakeFiles/D1.elf.dir/Drivers/STM32F4xx_HAL_Driver/Src/stm32f4xx_hal_tim.c.obj
 .debug_abbrev  0x00002397      0x241 CMakeFiles/D1.elf.dir/Drivers/STM32F4xx_HAL_Driver/Src/stm32f4xx_hal_tim_ex.c.obj
 .debug_abbrev  0x000025d8      0x274 CMakeFiles/D1.elf.dir/Drivers/STM32F4xx_HAL_Driver/Src/stm32f4xx_hal_uart.c.obj
 .debug_abbrev  0x0000284c      0x267 CMakeFiles/D1.elf.dir/Drivers/STM32F4xx_HAL_Driver/Src/stm32f4xx_ll_utils.c.obj
 .debug_abbrev  0x00002ab3       0x12 CMakeFiles/D1.elf.dir/startup/startup_stm32f407xx.s.obj

.debug_aranges  0x00000000      0xda8
 .debug_aranges
                0x00000000       0x20 CMakeFiles/D1.elf.dir/Core/Src/gpio.c.obj
 .debug_aranges
                0x00000020       0x38 CMakeFiles/D1.elf.dir/Core/Src/main.c.obj
 .debug_aranges
                0x00000058       0x20 CMakeFiles/D1.elf.dir/Core/Src/stm32f4xx_hal_msp.c.obj
 .debug_aranges
                0x00000078       0x70 CMakeFiles/D1.elf.dir/Core/Src/stm32f4xx_it.c.obj
 .debug_aranges
                0x000000e8       0x90 CMakeFiles/D1.elf.dir/Core/Src/syscalls.c.obj
 .debug_aranges
                0x00000178       0x28 CMakeFiles/D1.elf.dir/Core/Src/system_stm32f4xx.c.obj
 .debug_aranges
                0x000001a0       0x30 CMakeFiles/D1.elf.dir/Core/Src/tim.c.obj
 .debug_aranges
                0x000001d0       0x40 CMakeFiles/D1.elf.dir/Core/Src/usart.c.obj
 .debug_aranges
                0x00000210       0x88 CMakeFiles/D1.elf.dir/Core/ds18b20/bsp_ds18b20.c.obj
 .debug_aranges
                0x00000298       0x58 CMakeFiles/D1.elf.dir/Core/stdlog/retarget.c.obj
 .debug_aranges
                0x000002f0       0x60 CMakeFiles/D1.elf.dir/Core/stdlog/stdlog.c.obj
 .debug_aranges
                0x00000350       0xf0 CMakeFiles/D1.elf.dir/Drivers/STM32F4xx_HAL_Driver/Src/stm32f4xx_hal.c.obj
 .debug_aranges
                0x00000440       0xa8 CMakeFiles/D1.elf.dir/Drivers/STM32F4xx_HAL_Driver/Src/stm32f4xx_hal_cortex.c.obj
 .debug_aranges
                0x000004e8       0x90 CMakeFiles/D1.elf.dir/Drivers/STM32F4xx_HAL_Driver/Src/stm32f4xx_hal_dma.c.obj
 .debug_aranges
                0x00000578       0x58 CMakeFiles/D1.elf.dir/Drivers/STM32F4xx_HAL_Driver/Src/stm32f4xx_hal_gpio.c.obj
 .debug_aranges
                0x000005d0       0x88 CMakeFiles/D1.elf.dir/Drivers/STM32F4xx_HAL_Driver/Src/stm32f4xx_hal_rcc.c.obj
 .debug_aranges
                0x00000658      0x3a8 CMakeFiles/D1.elf.dir/Drivers/STM32F4xx_HAL_Driver/Src/stm32f4xx_hal_tim.c.obj
 .debug_aranges
                0x00000a00      0x150 CMakeFiles/D1.elf.dir/Drivers/STM32F4xx_HAL_Driver/Src/stm32f4xx_hal_tim_ex.c.obj
 .debug_aranges
                0x00000b50      0x1d0 CMakeFiles/D1.elf.dir/Drivers/STM32F4xx_HAL_Driver/Src/stm32f4xx_hal_uart.c.obj
 .debug_aranges
                0x00000d20       0x60 CMakeFiles/D1.elf.dir/Drivers/STM32F4xx_HAL_Driver/Src/stm32f4xx_ll_utils.c.obj
 .debug_aranges
                0x00000d80       0x28 CMakeFiles/D1.elf.dir/startup/startup_stm32f407xx.s.obj

.debug_ranges   0x00000000      0xcd8
 .debug_ranges  0x00000000       0x10 CMakeFiles/D1.elf.dir/Core/Src/gpio.c.obj
 .debug_ranges  0x00000010       0x28 CMakeFiles/D1.elf.dir/Core/Src/main.c.obj
 .debug_ranges  0x00000038       0x10 CMakeFiles/D1.elf.dir/Core/Src/stm32f4xx_hal_msp.c.obj
 .debug_ranges  0x00000048       0x60 CMakeFiles/D1.elf.dir/Core/Src/stm32f4xx_it.c.obj
 .debug_ranges  0x000000a8       0x80 CMakeFiles/D1.elf.dir/Core/Src/syscalls.c.obj
 .debug_ranges  0x00000128       0x18 CMakeFiles/D1.elf.dir/Core/Src/system_stm32f4xx.c.obj
 .debug_ranges  0x00000140       0x20 CMakeFiles/D1.elf.dir/Core/Src/tim.c.obj
 .debug_ranges  0x00000160       0x30 CMakeFiles/D1.elf.dir/Core/Src/usart.c.obj
 .debug_ranges  0x00000190       0x78 CMakeFiles/D1.elf.dir/Core/ds18b20/bsp_ds18b20.c.obj
 .debug_ranges  0x00000208       0x48 CMakeFiles/D1.elf.dir/Core/stdlog/retarget.c.obj
 .debug_ranges  0x00000250       0x50 CMakeFiles/D1.elf.dir/Core/stdlog/stdlog.c.obj
 .debug_ranges  0x000002a0       0xe0 CMakeFiles/D1.elf.dir/Drivers/STM32F4xx_HAL_Driver/Src/stm32f4xx_hal.c.obj
 .debug_ranges  0x00000380       0xf8 CMakeFiles/D1.elf.dir/Drivers/STM32F4xx_HAL_Driver/Src/stm32f4xx_hal_cortex.c.obj
 .debug_ranges  0x00000478       0x80 CMakeFiles/D1.elf.dir/Drivers/STM32F4xx_HAL_Driver/Src/stm32f4xx_hal_dma.c.obj
 .debug_ranges  0x000004f8       0x48 CMakeFiles/D1.elf.dir/Drivers/STM32F4xx_HAL_Driver/Src/stm32f4xx_hal_gpio.c.obj
 .debug_ranges  0x00000540       0x90 CMakeFiles/D1.elf.dir/Drivers/STM32F4xx_HAL_Driver/Src/stm32f4xx_hal_rcc.c.obj