Archive member included to satisfy reference by file (symbol)

d:/stm32env/10 2020-q4-major/bin/../lib/gcc/arm-none-eabi/10.2.1/thumb/v7e-m/nofp\libgcc.a(_aeabi_uldivmod.o)
                              CMakeFiles/D2.elf.dir/Drivers/STM32F4xx_HAL_Driver/Src/stm32f4xx_hal_rcc.c.obj (__aeabi_uldivmod)
d:/stm32env/10 2020-q4-major/bin/../lib/gcc/arm-none-eabi/10.2.1/thumb/v7e-m/nofp\libgcc.a(_udivmoddi4.o)
                              d:/stm32env/10 2020-q4-major/bin/../lib/gcc/arm-none-eabi/10.2.1/thumb/v7e-m/nofp\libgcc.a(_aeabi_uldivmod.o) (__udivmoddi4)
d:/stm32env/10 2020-q4-major/bin/../lib/gcc/arm-none-eabi/10.2.1/thumb/v7e-m/nofp\libgcc.a(_dvmd_tls.o)
                              d:/stm32env/10 2020-q4-major/bin/../lib/gcc/arm-none-eabi/10.2.1/thumb/v7e-m/nofp\libgcc.a(_aeabi_uldivmod.o) (__aeabi_ldiv0)
d:/stm32env/10 2020-q4-major/bin/../lib/gcc/arm-none-eabi/10.2.1/../../../../arm-none-eabi/lib/thumb/v7e-m/nofp\libg.a(lib_a-errno.o)
                              CMakeFiles/D2.elf.dir/Core/Src/syscalls.c.obj (__errno)
d:/stm32env/10 2020-q4-major/bin/../lib/gcc/arm-none-eabi/10.2.1/../../../../arm-none-eabi/lib/thumb/v7e-m/nofp\libg.a(lib_a-exit.o)
                              d:/stm32env/10 2020-q4-major/bin/../lib/gcc/arm-none-eabi/10.2.1/../../../../arm-none-eabi/lib/thumb/v7e-m/nofp/crt0.o (exit)
d:/stm32env/10 2020-q4-major/bin/../lib/gcc/arm-none-eabi/10.2.1/../../../../arm-none-eabi/lib/thumb/v7e-m/nofp\libg.a(lib_a-impure.o)
                              d:/stm32env/10 2020-q4-major/bin/../lib/gcc/arm-none-eabi/10.2.1/../../../../arm-none-eabi/lib/thumb/v7e-m/nofp\libg.a(lib_a-exit.o) (_global_impure_ptr)
d:/stm32env/10 2020-q4-major/bin/../lib/gcc/arm-none-eabi/10.2.1/../../../../arm-none-eabi/lib/thumb/v7e-m/nofp\libg.a(lib_a-init.o)
                              d:/stm32env/10 2020-q4-major/bin/../lib/gcc/arm-none-eabi/10.2.1/../../../../arm-none-eabi/lib/thumb/v7e-m/nofp/crt0.o (__libc_init_array)
d:/stm32env/10 2020-q4-major/bin/../lib/gcc/arm-none-eabi/10.2.1/../../../../arm-none-eabi/lib/thumb/v7e-m/nofp\libg.a(lib_a-memset.o)
                              d:/stm32env/10 2020-q4-major/bin/../lib/gcc/arm-none-eabi/10.2.1/../../../../arm-none-eabi/lib/thumb/v7e-m/nofp/crt0.o (memset)
d:/stm32env/10 2020-q4-major/bin/../lib/gcc/arm-none-eabi/10.2.1/../../../../arm-none-eabi/lib/thumb/v7e-m/nofp\libg.a(lib_a-__call_atexit.o)
                              d:/stm32env/10 2020-q4-major/bin/../lib/gcc/arm-none-eabi/10.2.1/../../../../arm-none-eabi/lib/thumb/v7e-m/nofp\libg.a(lib_a-exit.o) (__call_exitprocs)
d:/stm32env/10 2020-q4-major/bin/../lib/gcc/arm-none-eabi/10.2.1/../../../../arm-none-eabi/lib/thumb/v7e-m/nofp\libg.a(lib_a-atexit.o)
                              d:/stm32env/10 2020-q4-major/bin/../lib/gcc/arm-none-eabi/10.2.1/../../../../arm-none-eabi/lib/thumb/v7e-m/nofp\libg.a(lib_a-__call_atexit.o) (atexit)
d:/stm32env/10 2020-q4-major/bin/../lib/gcc/arm-none-eabi/10.2.1/../../../../arm-none-eabi/lib/thumb/v7e-m/nofp\libg.a(lib_a-fini.o)
                              d:/stm32env/10 2020-q4-major/bin/../lib/gcc/arm-none-eabi/10.2.1/../../../../arm-none-eabi/lib/thumb/v7e-m/nofp\libg.a(lib_a-__call_atexit.o) (__libc_fini_array)
d:/stm32env/10 2020-q4-major/bin/../lib/gcc/arm-none-eabi/10.2.1/../../../../arm-none-eabi/lib/thumb/v7e-m/nofp\libg.a(lib_a-lock.o)
                              d:/stm32env/10 2020-q4-major/bin/../lib/gcc/arm-none-eabi/10.2.1/../../../../arm-none-eabi/lib/thumb/v7e-m/nofp\libg.a(lib_a-__call_atexit.o) (__retarget_lock_acquire_recursive)
d:/stm32env/10 2020-q4-major/bin/../lib/gcc/arm-none-eabi/10.2.1/../../../../arm-none-eabi/lib/thumb/v7e-m/nofp\libg.a(lib_a-__atexit.o)
                              d:/stm32env/10 2020-q4-major/bin/../lib/gcc/arm-none-eabi/10.2.1/../../../../arm-none-eabi/lib/thumb/v7e-m/nofp\libg.a(lib_a-atexit.o) (__register_exitproc)

Discarded input sections

 .text          0x00000000        0x0 d:/stm32env/10 2020-q4-major/bin/../lib/gcc/arm-none-eabi/10.2.1/thumb/v7e-m/nofp/crti.o
 .data          0x00000000        0x0 d:/stm32env/10 2020-q4-major/bin/../lib/gcc/arm-none-eabi/10.2.1/thumb/v7e-m/nofp/crti.o
 .bss           0x00000000        0x0 d:/stm32env/10 2020-q4-major/bin/../lib/gcc/arm-none-eabi/10.2.1/thumb/v7e-m/nofp/crti.o
 .data          0x00000000        0x4 d:/stm32env/10 2020-q4-major/bin/../lib/gcc/arm-none-eabi/10.2.1/thumb/v7e-m/nofp/crtbegin.o
 .rodata        0x00000000       0x24 d:/stm32env/10 2020-q4-major/bin/../lib/gcc/arm-none-eabi/10.2.1/thumb/v7e-m/nofp/crtbegin.o
 .text          0x00000000       0x7c d:/stm32env/10 2020-q4-major/bin/../lib/gcc/arm-none-eabi/10.2.1/../../../../arm-none-eabi/lib/thumb/v7e-m/nofp/crt0.o
 .data          0x00000000        0x0 d:/stm32env/10 2020-q4-major/bin/../lib/gcc/arm-none-eabi/10.2.1/../../../../arm-none-eabi/lib/thumb/v7e-m/nofp/crt0.o
[...]
Memory Configuration

Name             Origin             Length             Attributes
RAM              0x20000000         0x00020000         xrw
CCMRAM           0x10000000         0x00010000         xrw
FLASH            0x08000000         0x00100000         xr
*default*        0x00000000         0xffffffff

Linker script and memory map

LOAD d:/stm32env/10 2020-q4-major/bin/../lib/gcc/arm-none-eabi/10.2.1/thumb/v7e-m/nofp/crti.o
LOAD d:/stm32env/10 2020-q4-major/bin/../lib/gcc/arm-none-eabi/10.2.1/thumb/v7e-m/nofp/crtbegin.o
LOAD d:/stm32env/10 2020-q4-major/bin/../lib/gcc/arm-none-eabi/10.2.1/../../../../arm-none-eabi/lib/thumb/v7e-m/nofp/crt0.o
LOAD CMakeFiles/D2.elf.dir/Core/Src/gpio.c.obj
LOAD CMakeFiles/D2.elf.dir/Core/Src/main.c.obj
LOAD CMakeFiles/D2.elf.dir/Core/Src/stm32f4xx_hal_msp.c.obj
LOAD CMakeFiles/D2.elf.dir/Core/Src/stm32f4xx_it.c.obj
LOAD CMakeFiles/D2.elf.dir/Core/Src/syscalls.c.obj
LOAD CMakeFiles/D2.elf.dir/Core/Src/system_stm32f4xx.c.obj
LOAD CMakeFiles/D2.elf.dir/Drivers/STM32F4xx_HAL_Driver/Src/stm32f4xx_hal.c.obj
LOAD CMakeFiles/D2.elf.dir/Drivers/STM32F4xx_HAL_Driver/Src/stm32f4xx_hal_cortex.c.obj
LOAD CMakeFiles/D2.elf.dir/Drivers/STM32F4xx_HAL_Driver/Src/stm32f4xx_hal_dma.c.obj
LOAD CMakeFiles/D2.elf.dir/Drivers/STM32F4xx_HAL_Driver/Src/stm32f4xx_hal_dma_ex.c.obj
LOAD CMakeFiles/D2.elf.dir/Drivers/STM32F4xx_HAL_Driver/Src/stm32f4xx_hal_exti.c.obj
LOAD CMakeFiles/D2.elf.dir/Drivers/STM32F4xx_HAL_Driver/Src/stm32f4xx_hal_flash.c.obj
LOAD CMakeFiles/D2.elf.dir/Drivers/STM32F4xx_HAL_Driver/Src/stm32f4xx_hal_flash_ex.c.obj
LOAD CMakeFiles/D2.elf.dir/Drivers/STM32F4xx_HAL_Driver/Src/stm32f4xx_hal_flash_ramfunc.c.obj
LOAD CMakeFiles/D2.elf.dir/Drivers/STM32F4xx_HAL_Driver/Src/stm32f4xx_hal_gpio.c.obj
LOAD CMakeFiles/D2.elf.dir/Drivers/STM32F4xx_HAL_Driver/Src/stm32f4xx_hal_pwr.c.obj
LOAD CMakeFiles/D2.elf.dir/Drivers/STM32F4xx_HAL_Driver/Src/stm32f4xx_hal_pwr_ex.c.obj
LOAD CMakeFiles/D2.elf.dir/Drivers/STM32F4xx_HAL_Driver/Src/stm32f4xx_hal_rcc.c.obj
LOAD CMakeFiles/D2.elf.dir/Drivers/STM32F4xx_HAL_Driver/Src/stm32f4xx_hal_rcc_ex.c.obj
LOAD CMakeFiles/D2.elf.dir/Drivers/STM32F4xx_HAL_Driver/Src/stm32f4xx_hal_tim.c.obj
LOAD CMakeFiles/D2.elf.dir/Drivers/STM32F4xx_HAL_Driver/Src/stm32f4xx_hal_tim_ex.c.obj
LOAD CMakeFiles/D2.elf.dir/startup/startup_stm32f407xx.s.obj
START GROUP
LOAD d:/stm32env/10 2020-q4-major/bin/../lib/gcc/arm-none-eabi/10.2.1/thumb/v7e-m/nofp\libgcc.a
LOAD d:/stm32env/10 2020-q4-major/bin/../lib/gcc/arm-none-eabi/10.2.1/../../../../arm-none-eabi/lib/thumb/v7e-m/nofp\libg.a
LOAD d:/stm32env/10 2020-q4-major/bin/../lib/gcc/arm-none-eabi/10.2.1/../../../../arm-none-eabi/lib/thumb/v7e-m/nofp\libc.a
END GROUP
LOAD d:/stm32env/10 2020-q4-major/bin/../lib/gcc/arm-none-eabi/10.2.1/thumb/v7e-m/nofp/crtend.o
LOAD d:/stm32env/10 2020-q4-major/bin/../lib/gcc/arm-none-eabi/10.2.1/thumb/v7e-m/nofp/crtn.o
                0x20020000                _estack = 0x20020000
                0x00000200                _Min_Heap_Size = 0x200
                0x00000400                _Min_Stack_Size = 0x400

.isr_vector     0x08000000      0x188
                0x08000000                . = ALIGN (0x4)
 *(.isr_vector)
 .isr_vector    0x08000000      0x188 CMakeFiles/D2.elf.dir/startup/startup_stm32f407xx.s.obj
                0x08000000                g_pfnVectors
                0x08000188                . = ALIGN (0x4)

.text           0x08000188      0xe1c
                0x08000188                . = ALIGN (0x4)
 *(.text)
 .text          0x08000188       0x40 d:/stm32env/10 2020-q4-major/bin/../lib/gcc/arm-none-eabi/10.2.1/thumb/v7e-m/nofp/crtbegin.o
 .text          0x080001c8       0x30 d:/stm32env/10 2020-q4-major/bin/../lib/gcc/arm-none-eabi/10.2.1/thumb/v7e-m/nofp\libgcc.a(_aeabi_uldivmod.o)
                0x080001c8                __aeabi_uldivmod
 .text          0x080001f8      0x2d0 d:/stm32env/10 2020-q4-major/bin/../lib/gcc/arm-none-eabi/10.2.1/thumb/v7e-m/nofp\libgcc.a(_udivmoddi4.o)
                0x080001f8                __udivmoddi4
 .text          0x080004c8        0x4 d:/stm32env/10 2020-q4-major/bin/../lib/gcc/arm-none-eabi/10.2.1/thumb/v7e-m/nofp\libgcc.a(_dvmd_tls.o)
                0x080004c8                __aeabi_idiv0
                0x080004c8                __aeabi_ldiv0
 *(.text*)
 .text.MX_GPIO_Init
                0x080004cc       0x38 CMakeFiles/D2.elf.dir/Core/Src/gpio.c.obj
                0x080004cc                MX_GPIO_Init
 .text.Error_Handler
                0x08000504        0x4 CMakeFiles/D2.elf.dir/Core/Src/main.c.obj
                0x08000504                Error_Handler
 .text.SystemClock_Config
                0x08000508       0xa4 CMakeFiles/D2.elf.dir/Core/Src/main.c.obj
                0x08000508                SystemClock_Config
 .text.main     0x080005ac       0x10 CMakeFiles/D2.elf.dir/Core/Src/main.c.obj
                0x080005ac                main
 .text.HAL_MspInit
                0x080005bc       0x38 CMakeFiles/D2.elf.dir/Core/Src/stm32f4xx_hal_msp.c.obj
                0x080005bc                HAL_MspInit
 .text.NMI_Handler
                0x080005f4        0x2 CMakeFiles/D2.elf.dir/Core/Src/stm32f4xx_it.c.obj
                0x080005f4                NMI_Handler
 .text.HardFault_Handler
                0x080005f6        0x2 CMakeFiles/D2.elf.dir/Core/Src/stm32f4xx_it.c.obj
                0x080005f6                HardFault_Handler
 .text.MemManage_Handler
                0x080005f8        0x2 CMakeFiles/D2.elf.dir/Core/Src/stm32f4xx_it.c.obj
                0x080005f8                MemManage_Handler
 .text.BusFault_Handler
                0x080005fa        0x2 CMakeFiles/D2.elf.dir/Core/Src/stm32f4xx_it.c.obj
                0x080005fa                BusFault_Handler
 .text.UsageFault_Handler
                0x080005fc        0x2 CMakeFiles/D2.elf.dir/Core/Src/stm32f4xx_it.c.obj
                0x080005fc                UsageFault_Handler
 .text.SVC_Handler
                0x080005fe        0x2 CMakeFiles/D2.elf.dir/Core/Src/stm32f4xx_it.c.obj
                0x080005fe                SVC_Handler
 .text.DebugMon_Handler
                0x08000600        0x2 CMakeFiles/D2.elf.dir/Core/Src/stm32f4xx_it.c.obj
                0x08000600                DebugMon_Handler
 .text.PendSV_Handler
                0x08000602        0x2 CMakeFiles/D2.elf.dir/Core/Src/stm32f4xx_it.c.obj
                0x08000602                PendSV_Handler
 .text.SysTick_Handler
                0x08000604        0x8 CMakeFiles/D2.elf.dir/Core/Src/stm32f4xx_it.c.obj
                0x08000604                SysTick_Handler
 .text.SystemInit
                0x0800060c       0x10 CMakeFiles/D2.elf.dir/Core/Src/system_stm32f4xx.c.obj
                0x0800060c                SystemInit
 .text.HAL_InitTick
                0x0800061c       0x4c CMakeFiles/D2.elf.dir/Drivers/STM32F4xx_HAL_Driver/Src/stm32f4xx_hal.c.obj
                0x0800061c                HAL_InitTick
 .text.HAL_Init
                0x08000668       0x34 CMakeFiles/D2.elf.dir/Drivers/STM32F4xx_HAL_Driver/Src/stm32f4xx_hal.c.obj
                0x08000668                HAL_Init
 .text.HAL_IncTick
                0x0800069c       0x18 CMakeFiles/D2.elf.dir/Drivers/STM32F4xx_HAL_Driver/Src/stm32f4xx_hal.c.obj
                0x0800069c                HAL_IncTick
 .text.HAL_GetTick
                0x080006b4        0xc CMakeFiles/D2.elf.dir/Drivers/STM32F4xx_HAL_Driver/Src/stm32f4xx_hal.c.obj
                0x080006b4                HAL_GetTick
 .text.HAL_NVIC_SetPriorityGrouping
                0x080006c0       0x24 CMakeFiles/D2.elf.dir/Drivers/STM32F4xx_HAL_Driver/Src/stm32f4xx_hal_cortex.c.obj
                0x080006c0                HAL_NVIC_SetPriorityGrouping
 .text.HAL_NVIC_SetPriority
                0x080006e4       0x70 CMakeFiles/D2.elf.dir/Drivers/STM32F4xx_HAL_Driver/Src/stm32f4xx_hal_cortex.c.obj
                0x080006e4                HAL_NVIC_SetPriority
 .text.HAL_SYSTICK_Config
                0x08000754       0x28 CMakeFiles/D2.elf.dir/Drivers/STM32F4xx_HAL_Driver/Src/stm32f4xx_hal_cortex.c.obj
                0x08000754                HAL_SYSTICK_Config
 .text.HAL_RCC_OscConfig
                0x0800077c      0x3ec CMakeFiles/D2.elf.dir/Drivers/STM32F4xx_HAL_Driver/Src/stm32f4xx_hal_rcc.c.obj
                0x0800077c                HAL_RCC_OscConfig
 .text.HAL_RCC_GetSysClockFreq
                0x08000b68       0xa4 CMakeFiles/D2.elf.dir/Drivers/STM32F4xx_HAL_Driver/Src/stm32f4xx_hal_rcc.c.obj
                0x08000b68                HAL_RCC_GetSysClockFreq
 .text.HAL_RCC_ClockConfig
                0x08000c0c      0x160 CMakeFiles/D2.elf.dir/Drivers/STM32F4xx_HAL_Driver/Src/stm32f4xx_hal_rcc.c.obj
                0x08000c0c                HAL_RCC_ClockConfig
 .text.Reset_Handler
                0x08000d6c       0x50 CMakeFiles/D2.elf.dir/startup/startup_stm32f407xx.s.obj
                0x08000d6c                Reset_Handler
 .text.Default_Handler
                0x08000dbc        0x2 CMakeFiles/D2.elf.dir/startup/startup_stm32f407xx.s.obj
                0x08000dbc                RTC_Alarm_IRQHandler
                0x08000dbc                HASH_RNG_IRQHandler
                0x08000dbc                EXTI2_IRQHandler
                0x08000dbc                TIM8_CC_IRQHandler
                0x08000dbc                TIM1_CC_IRQHandler
                0x08000dbc                DMA2_Stream5_IRQHandler
                0x08000dbc                DMA1_Stream5_IRQHandler
                0x08000dbc                PVD_IRQHandler
                0x08000dbc                SDIO_IRQHandler
                0x08000dbc                TAMP_STAMP_IRQHandler
                0x08000dbc                CAN2_RX1_IRQHandler
                0x08000dbc                EXTI3_IRQHandler
                0x08000dbc                TIM8_TRG_COM_TIM14_IRQHandler
                0x08000dbc                TIM1_UP_TIM10_IRQHandler
                0x08000dbc                TIM8_UP_TIM13_IRQHandler
                0x08000dbc                I2C3_ER_IRQHandler
                0x08000dbc                EXTI0_IRQHandler
                0x08000dbc                I2C2_EV_IRQHandler
                0x08000dbc                DMA1_Stream2_IRQHandler
                0x08000dbc                CAN1_RX0_IRQHandler
                0x08000dbc                FPU_IRQHandler
                0x08000dbc                OTG_HS_WKUP_IRQHandler
                0x08000dbc                CAN2_SCE_IRQHandler
                0x08000dbc                DMA2_Stream2_IRQHandler
                0x08000dbc                SPI1_IRQHandler
                0x08000dbc                TIM6_DAC_IRQHandler
                0x08000dbc                TIM1_BRK_TIM9_IRQHandler
                0x08000dbc                DCMI_IRQHandler
                0x08000dbc                CAN2_RX0_IRQHandler
                0x08000dbc                DMA2_Stream3_IRQHandler
                0x08000dbc                USART6_IRQHandler
                0x08000dbc                USART3_IRQHandler
                0x08000dbc                CAN1_RX1_IRQHandler
                0x08000dbc                UART5_IRQHandler
                0x08000dbc                DMA2_Stream0_IRQHandler
                0x08000dbc                TIM4_IRQHandler
                0x08000dbc                I2C1_EV_IRQHandler
                0x08000dbc                DMA1_Stream6_IRQHandler
                0x08000dbc                DMA1_Stream1_IRQHandler
                0x08000dbc                UART4_IRQHandler
                0x08000dbc                TIM3_IRQHandler
                0x08000dbc                RCC_IRQHandler
                0x08000dbc                TIM8_BRK_TIM12_IRQHandler
                0x08000dbc                Default_Handler
                0x08000dbc                EXTI15_10_IRQHandler
                0x08000dbc                ADC_IRQHandler
                0x08000dbc                DMA1_Stream7_IRQHandler
                0x08000dbc                TIM7_IRQHandler
                0x08000dbc                CAN2_TX_IRQHandler
                0x08000dbc                TIM5_IRQHandler
                0x08000dbc                DMA2_Stream7_IRQHandler
                0x08000dbc                I2C3_EV_IRQHandler
                0x08000dbc                EXTI9_5_IRQHandler
                0x08000dbc                RTC_WKUP_IRQHandler
                0x08000dbc                ETH_WKUP_IRQHandler
                0x08000dbc                SPI2_IRQHandler
                0x08000dbc                OTG_HS_EP1_IN_IRQHandler
                0x08000dbc                DMA1_Stream0_IRQHandler
                0x08000dbc                CAN1_TX_IRQHandler
                0x08000dbc                EXTI4_IRQHandler
                0x08000dbc                FSMC_IRQHandler
                0x08000dbc                ETH_IRQHandler
                0x08000dbc                OTG_HS_EP1_OUT_IRQHandler
                0x08000dbc                WWDG_IRQHandler
                0x08000dbc                TIM2_IRQHandler
                0x08000dbc                OTG_FS_WKUP_IRQHandler
                0x08000dbc                TIM1_TRG_COM_TIM11_IRQHandler
                0x08000dbc                OTG_HS_IRQHandler
                0x08000dbc                EXTI1_IRQHandler
                0x08000dbc                USART2_IRQHandler
                0x08000dbc                I2C2_ER_IRQHandler
                0x08000dbc                DMA2_Stream1_IRQHandler
                0x08000dbc                CAN1_SCE_IRQHandler
                0x08000dbc                FLASH_IRQHandler
                0x08000dbc                DMA2_Stream4_IRQHandler
                0x08000dbc                USART1_IRQHandler
                0x08000dbc                OTG_FS_IRQHandler
                0x08000dbc                SPI3_IRQHandler
                0x08000dbc                DMA1_Stream4_IRQHandler
                0x08000dbc                I2C1_ER_IRQHandler
                0x08000dbc                DMA2_Stream6_IRQHandler
                0x08000dbc                DMA1_Stream3_IRQHandler
 *fill*         0x08000dbe        0x2 
 .text.__libc_init_array
                0x08000dc0       0x48 d:/stm32env/10 2020-q4-major/bin/../lib/gcc/arm-none-eabi/10.2.1/../../../../arm-none-eabi/lib/thumb/v7e-m/nofp\libg.a(lib_a-init.o)
                0x08000dc0                __libc_init_array
 .text.memset   0x08000e08       0xa4 d:/stm32env/10 2020-q4-major/bin/../lib/gcc/arm-none-eabi/10.2.1/../../../../arm-none-eabi/lib/thumb/v7e-m/nofp\libg.a(lib_a-memset.o)
                0x08000e08                memset
 .text.startup.register_fini
                0x08000eac       0x14 d:/stm32env/10 2020-q4-major/bin/../lib/gcc/arm-none-eabi/10.2.1/../../../../arm-none-eabi/lib/thumb/v7e-m/nofp\libg.a(lib_a-__call_atexit.o)
 .text.atexit   0x08000ec0        0xc d:/stm32env/10 2020-q4-major/bin/../lib/gcc/arm-none-eabi/10.2.1/../../../../arm-none-eabi/lib/thumb/v7e-m/nofp\libg.a(lib_a-atexit.o)
                0x08000ec0                atexit
 .text.__libc_fini_array
                0x08000ecc       0x2c d:/stm32env/10 2020-q4-major/bin/../lib/gcc/arm-none-eabi/10.2.1/../../../../arm-none-eabi/lib/thumb/v7e-m/nofp\libg.a(lib_a-fini.o)
                0x08000ecc                __libc_fini_array
 .text.__retarget_lock_acquire_recursive
                0x08000ef8        0x4 d:/stm32env/10 2020-q4-major/bin/../lib/gcc/arm-none-eabi/10.2.1/../../../../arm-none-eabi/lib/thumb/v7e-m/nofp\libg.a(lib_a-lock.o)
                0x08000ef8                __retarget_lock_acquire_recursive
 .text.__retarget_lock_release_recursive
                0x08000efc        0x4 d:/stm32env/10 2020-q4-major/bin/../lib/gcc/arm-none-eabi/10.2.1/../../../../arm-none-eabi/lib/thumb/v7e-m/nofp\libg.a(lib_a-lock.o)
                0x08000efc                __retarget_lock_release_recursive
 .text.__register_exitproc
                0x08000f00       0x8c d:/stm32env/10 2020-q4-major/bin/../lib/gcc/arm-none-eabi/10.2.1/../../../../arm-none-eabi/lib/thumb/v7e-m/nofp\libg.a(lib_a-__atexit.o)
                0x08000f00                __register_exitproc
 *(.glue_7)
 .glue_7        0x08000f8c        0x0 linker stubs
 *(.glue_7t)
 .glue_7t       0x08000f8c        0x0 linker stubs
 *(.eh_frame)
 .eh_frame      0x08000f8c        0x0 d:/stm32env/10 2020-q4-major/bin/../lib/gcc/arm-none-eabi/10.2.1/thumb/v7e-m/nofp/crtbegin.o
 *(.init)
 .init          0x08000f8c        0x4 d:/stm32env/10 2020-q4-major/bin/../lib/gcc/arm-none-eabi/10.2.1/thumb/v7e-m/nofp/crti.o
                0x08000f8c                _init
 .init          0x08000f90        0x8 d:/stm32env/10 2020-q4-major/bin/../lib/gcc/arm-none-eabi/10.2.1/thumb/v7e-m/nofp/crtn.o
 *(.fini)
 .fini          0x08000f98        0x4 d:/stm32env/10 2020-q4-major/bin/../lib/gcc/arm-none-eabi/10.2.1/thumb/v7e-m/nofp/crti.o
                0x08000f98                _fini
 .fini          0x08000f9c        0x8 d:/stm32env/10 2020-q4-major/bin/../lib/gcc/arm-none-eabi/10.2.1/thumb/v7e-m/nofp/crtn.o
                0x08000fa4                . = ALIGN (0x4)
                0x08000fa4                _etext = .

.vfp11_veneer   0x08000fa4        0x0
 .vfp11_veneer  0x08000fa4        0x0 linker stubs

.v4_bx          0x08000fa4        0x0
 .v4_bx         0x08000fa4        0x0 linker stubs

.iplt           0x08000fa4        0x0
 .iplt          0x08000fa4        0x0 d:/stm32env/10 2020-q4-major/bin/../lib/gcc/arm-none-eabi/10.2.1/thumb/v7e-m/nofp/crtbegin.o

.rodata         0x08000fa4       0x14
                0x08000fa4                . = ALIGN (0x4)
 *(.rodata)
 *(.rodata*)
 .rodata.AHBPrescTable
                0x08000fa4       0x10 CMakeFiles/D2.elf.dir/Core/Src/system_stm32f4xx.c.obj
                0x08000fa4                AHBPrescTable
 .rodata._global_impure_ptr
                0x08000fb4        0x4 d:/stm32env/10 2020-q4-major/bin/../lib/gcc/arm-none-eabi/10.2.1/../../../../arm-none-eabi/lib/thumb/v7e-m/nofp\libg.a(lib_a-impure.o)
                0x08000fb4                _global_impure_ptr
                0x08000fb8                . = ALIGN (0x4)

.ARM.extab
 *(.ARM.extab* .gnu.linkonce.armextab.*)

.ARM            0x08000fb8        0x8
                0x08000fb8                __exidx_start = .
 *(.ARM.exidx*)
 .ARM.exidx     0x08000fb8        0x8 d:/stm32env/10 2020-q4-major/bin/../lib/gcc/arm-none-eabi/10.2.1/thumb/v7e-m/nofp\libgcc.a(_udivmoddi4.o)
                0x08000fc0                __exidx_end = .

.rel.dyn        0x08000fc0        0x0
 .rel.iplt      0x08000fc0        0x0 d:/stm32env/10 2020-q4-major/bin/../lib/gcc/arm-none-eabi/10.2.1/thumb/v7e-m/nofp/crtbegin.o

.preinit_array  0x08000fc0        0x0
                0x08000fc0                PROVIDE (__preinit_array_start = .)
 *(.preinit_array*)
                0x08000fc0                PROVIDE (__preinit_array_end = .)

.init_array     0x08000fc0        0x8
                0x08000fc0                PROVIDE (__init_array_start = .)
 *(SORT_BY_NAME(.init_array.*))
 .init_array.00000
                0x08000fc0        0x4 d:/stm32env/10 2020-q4-major/bin/../lib/gcc/arm-none-eabi/10.2.1/../../../../arm-none-eabi/lib/thumb/v7e-m/nofp\libg.a(lib_a-__call_atexit.o)
 *(.init_array*)
 .init_array    0x08000fc4        0x4 d:/stm32env/10 2020-q4-major/bin/../lib/gcc/arm-none-eabi/10.2.1/thumb/v7e-m/nofp/crtbegin.o
                0x08000fc8                PROVIDE (__init_array_end = .)

.fini_array     0x08000fc8        0x4
                0x08000fc8                PROVIDE (__fini_array_start = .)
 *(SORT_BY_NAME(.fini_array.*))
 *(.fini_array*)
 .fini_array    0x08000fc8        0x4 d:/stm32env/10 2020-q4-major/bin/../lib/gcc/arm-none-eabi/10.2.1/thumb/v7e-m/nofp/crtbegin.o
                0x08000fcc                PROVIDE (__fini_array_end = .)
                0x08000fcc                _sidata = LOADADDR (.data)

.data           0x20000000      0x43c load address 0x08000fcc
                0x20000000                . = ALIGN (0x4)
                0x20000000                _sdata = .
 *(.data)
 *(.data*)
 .data.SystemCoreClock
                0x20000000        0x4 CMakeFiles/D2.elf.dir/Core/Src/system_stm32f4xx.c.obj
                0x20000000                SystemCoreClock
 .data.uwTickFreq
                0x20000004        0x1 CMakeFiles/D2.elf.dir/Drivers/STM32F4xx_HAL_Driver/Src/stm32f4xx_hal.c.obj
                0x20000004                uwTickFreq
 *fill*         0x20000005        0x3 
 .data.uwTickPrio
                0x20000008        0x4 CMakeFiles/D2.elf.dir/Drivers/STM32F4xx_HAL_Driver/Src/stm32f4xx_hal.c.obj
                0x20000008                uwTickPrio
 *fill*         0x2000000c        0x4 
 .data.impure_data
                0x20000010      0x428 d:/stm32env/10 2020-q4-major/bin/../lib/gcc/arm-none-eabi/10.2.1/../../../../arm-none-eabi/lib/thumb/v7e-m/nofp\libg.a(lib_a-impure.o)
 .data.__atexit_recursive_mutex
                0x20000438        0x4 d:/stm32env/10 2020-q4-major/bin/../lib/gcc/arm-none-eabi/10.2.1/../../../../arm-none-eabi/lib/thumb/v7e-m/nofp\libg.a(lib_a-__call_atexit.o)
                0x20000438                __atexit_recursive_mutex
                0x2000043c                . = ALIGN (0x4)
                0x2000043c                _edata = .
                0x08001408                _siccmram = LOADADDR (.ccmram)

.igot.plt       0x2000043c        0x0 load address 0x08001408
 .igot.plt      0x2000043c        0x0 d:/stm32env/10 2020-q4-major/bin/../lib/gcc/arm-none-eabi/10.2.1/thumb/v7e-m/nofp/crtbegin.o

.ccmram         0x10000000        0x0 load address 0x08001408
                0x10000000                . = ALIGN (0x4)
                0x10000000                _sccmram = .
 *(.ccmram)
 *(.ccmram*)
                0x10000000                . = ALIGN (0x4)
                0x10000000                _eccmram = .
                0x10000000                . = ALIGN (0x4)

.bss            0x2000043c       0x24
                0x2000043c                _sbss = .
                0x2000043c                __bss_start__ = _sbss
 *(.bss)
 .bss           0x2000043c       0x1c d:/stm32env/10 2020-q4-major/bin/../lib/gcc/arm-none-eabi/10.2.1/thumb/v7e-m/nofp/crtbegin.o
 *(.bss*)
 .bss.uwTick    0x20000458        0x4 CMakeFiles/D2.elf.dir/Drivers/STM32F4xx_HAL_Driver/Src/stm32f4xx_hal.c.obj
                0x20000458                uwTick
 .bss.__lock___atexit_recursive_mutex
                0x2000045c        0x1 d:/stm32env/10 2020-q4-major/bin/../lib/gcc/arm-none-eabi/10.2.1/../../../../arm-none-eabi/lib/thumb/v7e-m/nofp\libg.a(lib_a-lock.o)
                0x2000045c                __lock___atexit_recursive_mutex
 *(COMMON)
                0x20000460                . = ALIGN (0x4)
 *fill*         0x2000045d        0x3 
                0x20000460                _ebss = .
                0x20000460                __bss_end__ = _ebss

._user_heap_stack
                0x20000460      0x600
                0x20000460                . = ALIGN (0x8)
                0x20000460                PROVIDE (end = .)
                [!provide]                PROVIDE (_end = .)
                0x20000660                . = (. + _Min_Heap_Size)
 *fill*         0x20000460      0x200 
                0x20000a60                . = (. + _Min_Stack_Size)
 *fill*         0x20000660      0x400 
                0x20000a60                . = ALIGN (0x8)

/DISCARD/
 libc.a(*)
 libm.a(*)
 libgcc.a(*)

.ARM.attributes
                0x00000000       0x2a
 *(.ARM.attributes)
 .ARM.attributes
                0x00000000       0x1e d:/stm32env/10 2020-q4-major/bin/../lib/gcc/arm-none-eabi/10.2.1/thumb/v7e-m/nofp/crti.o
 .ARM.attributes
                0x0000001e       0x2e d:/stm32env/10 2020-q4-major/bin/../lib/gcc/arm-none-eabi/10.2.1/thumb/v7e-m/nofp/crtbegin.o
 .ARM.attributes
                0x0000004c       0x2e CMakeFiles/D2.elf.dir/Core/Src/gpio.c.obj
 .ARM.attributes
                0x0000007a       0x2e CMakeFiles/D2.elf.dir/Core/Src/main.c.obj
 .ARM.attributes
                0x000000a8       0x2e CMakeFiles/D2.elf.dir/Core/Src/stm32f4xx_hal_msp.c.obj
 .ARM.attributes
                0x000000d6       0x2e CMakeFiles/D2.elf.dir/Core/Src/stm32f4xx_it.c.obj
 .ARM.attributes
                0x00000104       0x2e CMakeFiles/D2.elf.dir/Core/Src/system_stm32f4xx.c.obj
 .ARM.attributes
                0x00000132       0x2e CMakeFiles/D2.elf.dir/Drivers/STM32F4xx_HAL_Driver/Src/stm32f4xx_hal.c.obj
 .ARM.attributes
                0x00000160       0x2e CMakeFiles/D2.elf.dir/Drivers/STM32F4xx_HAL_Driver/Src/stm32f4xx_hal_cortex.c.obj
 .ARM.attributes
                0x0000018e       0x2e CMakeFiles/D2.elf.dir/Drivers/STM32F4xx_HAL_Driver/Src/stm32f4xx_hal_rcc.c.obj
 .ARM.attributes
                0x000001bc       0x21 CMakeFiles/D2.elf.dir/startup/startup_stm32f407xx.s.obj
 .ARM.attributes
                0x000001dd       0x1e d:/stm32env/10 2020-q4-major/bin/../lib/gcc/arm-none-eabi/10.2.1/thumb/v7e-m/nofp\libgcc.a(_aeabi_uldivmod.o)
 .ARM.attributes
                0x000001fb       0x2e d:/stm32env/10 2020-q4-major/bin/../lib/gcc/arm-none-eabi/10.2.1/thumb/v7e-m/nofp\libgcc.a(_udivmoddi4.o)
 .ARM.attributes
                0x00000229       0x1e d:/stm32env/10 2020-q4-major/bin/../lib/gcc/arm-none-eabi/10.2.1/thumb/v7e-m/nofp\libgcc.a(_dvmd_tls.o)
 .ARM.attributes
                0x00000247       0x2e d:/stm32env/10 2020-q4-major/bin/../lib/gcc/arm-none-eabi/10.2.1/../../../../arm-none-eabi/lib/thumb/v7e-m/nofp\libg.a(lib_a-impure.o)
 .ARM.attributes
                0x00000275       0x2e d:/stm32env/10 2020-q4-major/bin/../lib/gcc/arm-none-eabi/10.2.1/../../../../arm-none-eabi/lib/thumb/v7e-m/nofp\libg.a(lib_a-init.o)
 .ARM.attributes
                0x000002a3       0x2e d:/stm32env/10 2020-q4-major/bin/../lib/gcc/arm-none-eabi/10.2.1/../../../../arm-none-eabi/lib/thumb/v7e-m/nofp\libg.a(lib_a-memset.o)
 .ARM.attributes
                0x000002d1       0x2e d:/stm32env/10 2020-q4-major/bin/../lib/gcc/arm-none-eabi/10.2.1/../../../../arm-none-eabi/lib/thumb/v7e-m/nofp\libg.a(lib_a-__call_atexit.o)
 .ARM.attributes
                0x000002ff       0x2e d:/stm32env/10 2020-q4-major/bin/../lib/gcc/arm-none-eabi/10.2.1/../../../../arm-none-eabi/lib/thumb/v7e-m/nofp\libg.a(lib_a-atexit.o)
 .ARM.attributes
                0x0000032d       0x2e d:/stm32env/10 2020-q4-major/bin/../lib/gcc/arm-none-eabi/10.2.1/../../../../arm-none-eabi/lib/thumb/v7e-m/nofp\libg.a(lib_a-fini.o)
 .ARM.attributes
                0x0000035b       0x2e d:/stm32env/10 2020-q4-major/bin/../lib/gcc/arm-none-eabi/10.2.1/../../../../arm-none-eabi/lib/thumb/v7e-m/nofp\libg.a(lib_a-lock.o)
 .ARM.attributes
                0x00000389       0x2e d:/stm32env/10 2020-q4-major/bin/../lib/gcc/arm-none-eabi/10.2.1/../../../../arm-none-eabi/lib/thumb/v7e-m/nofp\libg.a(lib_a-__atexit.o)
 .ARM.attributes
                0x000003b7       0x1e d:/stm32env/10 2020-q4-major/bin/../lib/gcc/arm-none-eabi/10.2.1/thumb/v7e-m/nofp/crtn.o
OUTPUT(D2.elf elf32-littlearm)
LOAD linker stubs
LOAD d:/stm32env/10 2020-q4-major/bin/../lib/gcc/arm-none-eabi/10.2.1/../../../../arm-none-eabi/lib/thumb/v7e-m/nofp\libc.a
LOAD d:/stm32env/10 2020-q4-major/bin/../lib/gcc/arm-none-eabi/10.2.1/../../../../arm-none-eabi/lib/thumb/v7e-m/nofp\libm.a
LOAD d:/stm32env/10 2020-q4-major/bin/../lib/gcc/arm-none-eabi/10.2.1/thumb/v7e-m/nofp\libgcc.a

.debug_info     0x00000000     0x36ce
 .debug_info    0x00000000      0x2a4 CMakeFiles/D2.elf.dir/Core/Src/gpio.c.obj
 .debug_info    0x000002a4      0x572 CMakeFiles/D2.elf.dir/Core/Src/main.c.obj
 .debug_info    0x00000816      0x2a4 CMakeFiles/D2.elf.dir/Core/Src/stm32f4xx_hal_msp.c.obj
 .debug_info    0x00000aba      0x12f CMakeFiles/D2.elf.dir/Core/Src/stm32f4xx_it.c.obj
 .debug_info    0x00000be9      0x538 CMakeFiles/D2.elf.dir/Core/Src/system_stm32f4xx.c.obj
 .debug_info    0x00001121      0x9f0 CMakeFiles/D2.elf.dir/Drivers/STM32F4xx_HAL_Driver/Src/stm32f4xx_hal.c.obj
 .debug_info    0x00001b11     0x1098 CMakeFiles/D2.elf.dir/Drivers/STM32F4xx_HAL_Driver/Src/stm32f4xx_hal_cortex.c.obj
 .debug_info    0x00002ba9      0xb03 CMakeFiles/D2.elf.dir/Drivers/STM32F4xx_HAL_Driver/Src/stm32f4xx_hal_rcc.c.obj
 .debug_info    0x000036ac       0x22 CMakeFiles/D2.elf.dir/startup/startup_stm32f407xx.s.obj

.debug_abbrev   0x00000000      0xcfc
 .debug_abbrev  0x00000000       0xd1 CMakeFiles/D2.elf.dir/Core/Src/gpio.c.obj
 .debug_abbrev  0x000000d1      0x1b7 CMakeFiles/D2.elf.dir/Core/Src/main.c.obj
 .debug_abbrev  0x00000288       0xd1 CMakeFiles/D2.elf.dir/Core/Src/stm32f4xx_hal_msp.c.obj
 .debug_abbrev  0x00000359       0x7e CMakeFiles/D2.elf.dir/Core/Src/stm32f4xx_it.c.obj
 .debug_abbrev  0x000003d7      0x119 CMakeFiles/D2.elf.dir/Core/Src/system_stm32f4xx.c.obj
 .debug_abbrev  0x000004f0      0x206 CMakeFiles/D2.elf.dir/Drivers/STM32F4xx_HAL_Driver/Src/stm32f4xx_hal.c.obj
 .debug_abbrev  0x000006f6      0x36a CMakeFiles/D2.elf.dir/Drivers/STM32F4xx_HAL_Driver/Src/stm32f4xx_hal_cortex.c.obj
 .debug_abbrev  0x00000a60      0x28a CMakeFiles/D2.elf.dir/Drivers/STM32F4xx_HAL_Driver/Src/stm32f4xx_hal_rcc.c.obj
 .debug_abbrev  0x00000cea       0x12 CMakeFiles/D2.elf.dir/startup/startup_stm32f407xx.s.obj

.debug_aranges  0x00000000      0x340
 .debug_aranges
                0x00000000       0x20 CMakeFiles/D2.elf.dir/Core/Src/gpio.c.obj
 .debug_aranges
                0x00000020       0x30 CMakeFiles/D2.elf.dir/Core/Src/main.c.obj
 .debug_aranges
                0x00000050       0x20 CMakeFiles/D2.elf.dir/Core/Src/stm32f4xx_hal_msp.c.obj
 .debug_aranges
                0x00000070       0x60 CMakeFiles/D2.elf.dir/Core/Src/stm32f4xx_it.c.obj
 .debug_aranges
                0x000000d0       0x28 CMakeFiles/D2.elf.dir/Core/Src/system_stm32f4xx.c.obj
 .debug_aranges
                0x000000f8       0xf0 CMakeFiles/D2.elf.dir/Drivers/STM32F4xx_HAL_Driver/Src/stm32f4xx_hal.c.obj
 .debug_aranges
                0x000001e8       0xa8 CMakeFiles/D2.elf.dir/Drivers/STM32F4xx_HAL_Driver/Src/stm32f4xx_hal_cortex.c.obj
 .debug_aranges
                0x00000290       0x88 CMakeFiles/D2.elf.dir/Drivers/STM32F4xx_HAL_Driver/Src/stm32f4xx_hal_rcc.c.obj
 .debug_aranges
                0x00000318       0x28 CMakeFiles/D2.elf.dir/startup/startup_stm32f407xx.s.obj

.debug_ranges   0x00000000      0x330
 .debug_ranges  0x00000000       0x10 CMakeFiles/D2.elf.dir/Core/Src/gpio.c.obj
 .debug_ranges  0x00000010       0x20 CMakeFiles/D2.elf.dir/Core/Src/main.c.obj
 .debug_ranges  0x00000030       0x10 CMakeFiles/D2.elf.dir/Core/Src/stm32f4xx_hal_msp.c.obj
 .debug_ranges  0x00000040       0x50 CMakeFiles/D2.elf.dir/Core/Src/stm32f4xx_it.c.obj
 .debug_ranges  0x00000090       0x18 CMakeFiles/D2.elf.dir/Core/Src/system_stm32f4xx.c.obj
 .debug_ranges  0x000000a8       0xe0 CMakeFiles/D2.elf.dir/Drivers/STM32F4xx_HAL_Driver/Src/stm32f4xx_hal.c.obj
 .debug_ranges  0x00000188       0xf8 CMakeFiles/D2.elf.dir/Drivers/STM32F4xx_HAL_Driver/Src/stm32f4xx_hal_cortex.c.obj
 .debug_ranges  0x00000280       0x90 CMakeFiles/D2.elf.dir/Drivers/STM32F4xx_HAL_Driver/Src/stm32f4xx_hal_rcc.c.obj
 .debug_ranges  0x00000310       0x20 CMakeFiles/D2.elf.dir/startup/startup_stm32f407xx.s.obj

.debug_line     0x00000000     0x23b7
 .debug_line    0x00000000      0x15d CMakeFiles/D2.elf.dir/Core/Src/gpio.c.obj
 .debug_line    0x0000015d      0x371 CMakeFiles/D2.elf.dir/Core/Src/main.c.obj
 .debug_line    0x000004ce      0x16b CMakeFiles/D2.elf.dir/Core/Src/stm32f4xx_hal_msp.c.obj
 .debug_line    0x00000639      0x1b3 CMakeFiles/D2.elf.dir/Core/Src/stm32f4xx_it.c.obj
 .debug_line    0x000007ec      0x27e CMakeFiles/D2.elf.dir/Core/Src/system_stm32f4xx.c.obj
 .debug_line    0x00000a6a      0x5b1 CMakeFiles/D2.elf.dir/Drivers/STM32F4xx_HAL_Driver/Src/stm32f4xx_hal.c.obj
 .debug_line    0x0000101b      0x7c4 CMakeFiles/D2.elf.dir/Drivers/STM32F4xx_HAL_Driver/Src/stm32f4xx_hal_cortex.c.obj
 .debug_line    0x000017df      0xb3f CMakeFiles/D2.elf.dir/Drivers/STM32F4xx_HAL_Driver/Src/stm32f4xx_hal_rcc.c.obj
 .debug_line    0x0000231e       0x99 CMakeFiles/D2.elf.dir/startup/startup_stm32f407xx.s.obj

.debug_str      0x00000000     0x1630
 .debug_str     0x00000000      0x295 CMakeFiles/D2.elf.dir/Core/Src/gpio.c.obj
                                0x2d7 (size before relaxing)
 .debug_str     0x00000295      0x1ec CMakeFiles/D2.elf.dir/Core/Src/main.c.obj
                                0x4a4 (size before relaxing)
 .debug_str     0x00000481       0x47 CMakeFiles/D2.elf.dir/Core/Src/stm32f4xx_hal_msp.c.obj
                                0x2e3 (size before relaxing)
 .debug_str     0x000004c8       0xd2 CMakeFiles/D2.elf.dir/Core/Src/stm32f4xx_it.c.obj
                                0x257 (size before relaxing)
 .debug_str     0x0000059a       0xf6 CMakeFiles/D2.elf.dir/Core/Src/system_stm32f4xx.c.obj
                                0x39d (size before relaxing)
 .debug_str     0x00000690      0x886 CMakeFiles/D2.elf.dir/Drivers/STM32F4xx_HAL_Driver/Src/stm32f4xx_hal.c.obj
                                0xb82 (size before relaxing)
 .debug_str     0x00000f16      0x490 CMakeFiles/D2.elf.dir/Drivers/STM32F4xx_HAL_Driver/Src/stm32f4xx_hal_cortex.c.obj
                                0xc54 (size before relaxing)
 .debug_str     0x000013a6      0x240 CMakeFiles/D2.elf.dir/Drivers/STM32F4xx_HAL_Driver/Src/stm32f4xx_hal_rcc.c.obj
                                0x72e (size before relaxing)
 .debug_str     0x000015e6       0x4a CMakeFiles/D2.elf.dir/startup/startup_stm32f407xx.s.obj
                                 0x7a (size before relaxing)

.comment        0x00000000       0x4d
 .comment       0x00000000       0x4d CMakeFiles/D2.elf.dir/Core/Src/gpio.c.obj
                                 0x4e (size before relaxing)
 .comment       0x0000004d       0x4e CMakeFiles/D2.elf.dir/Core/Src/main.c.obj
 .comment       0x0000004d       0x4e CMakeFiles/D2.elf.dir/Core/Src/stm32f4xx_hal_msp.c.obj
 .comment       0x0000004d       0x4e CMakeFiles/D2.elf.dir/Core/Src/stm32f4xx_it.c.obj
 .comment       0x0000004d       0x4e CMakeFiles/D2.elf.dir/Core/Src/system_stm32f4xx.c.obj
 .comment       0x0000004d       0x4e CMakeFiles/D2.elf.dir/Drivers/STM32F4xx_HAL_Driver/Src/stm32f4xx_hal.c.obj
 .comment       0x0000004d       0x4e CMakeFiles/D2.elf.dir/Drivers/STM32F4xx_HAL_Driver/Src/stm32f4xx_hal_cortex.c.obj
 .comment       0x0000004d       0x4e CMakeFiles/D2.elf.dir/Drivers/STM32F4xx_HAL_Driver/Src/stm32f4xx_hal_rcc.c.obj

.debug_frame    0x00000000      0x86c
 .debug_frame   0x00000000       0x28 CMakeFiles/D2.elf.dir/Core/Src/gpio.c.obj
 .debug_frame   0x00000028       0x58 CMakeFiles/D2.elf.dir/Core/Src/main.c.obj
 .debug_frame   0x00000080       0x28 CMakeFiles/D2.elf.dir/Core/Src/stm32f4xx_hal_msp.c.obj
 .debug_frame   0x000000a8       0xa8 CMakeFiles/D2.elf.dir/Core/Src/stm32f4xx_it.c.obj
 .debug_frame   0x00000150       0x30 CMakeFiles/D2.elf.dir/Core/Src/system_stm32f4xx.c.obj
 .debug_frame   0x00000180      0x1ec CMakeFiles/D2.elf.dir/Drivers/STM32F4xx_HAL_Driver/Src/stm32f4xx_hal.c.obj
 .debug_frame   0x0000036c      0x148 CMakeFiles/D2.elf.dir/Drivers/STM32F4xx_HAL_Driver/Src/stm32f4xx_hal_cortex.c.obj
 .debug_frame   0x000004b4      0x16c CMakeFiles/D2.elf.dir/Drivers/STM32F4xx_HAL_Driver/Src/stm32f4xx_hal_rcc.c.obj
 .debug_frame   0x00000620       0x2c d:/stm32env/10 2020-q4-major/bin/../lib/gcc/arm-none-eabi/10.2.1/thumb/v7e-m/nofp\libgcc.a(_aeabi_uldivmod.o)
 .debug_frame   0x0000064c       0x34 d:/stm32env/10 2020-q4-major/bin/../lib/gcc/arm-none-eabi/10.2.1/thumb/v7e-m/nofp\libgcc.a(_udivmoddi4.o)
 .debug_frame   0x00000680       0x2c d:/stm32env/10 2020-q4-major/bin/../lib/gcc/arm-none-eabi/10.2.1/../../../../arm-none-eabi/lib/thumb/v7e-m/nofp\libg.a(lib_a-init.o)
 .debug_frame   0x000006ac       0x2c d:/stm32env/10 2020-q4-major/bin/../lib/gcc/arm-none-eabi/10.2.1/../../../../arm-none-eabi/lib/thumb/v7e-m/nofp\libg.a(lib_a-memset.o)
 .debug_frame   0x000006d8       0x5c d:/stm32env/10 2020-q4-major/bin/../lib/gcc/arm-none-eabi/10.2.1/../../../../arm-none-eabi/lib/thumb/v7e-m/nofp\libg.a(lib_a-__call_atexit.o)
 .debug_frame   0x00000734       0x20 d:/stm32env/10 2020-q4-major/bin/../lib/gcc/arm-none-eabi/10.2.1/../../../../arm-none-eabi/lib/thumb/v7e-m/nofp\libg.a(lib_a-atexit.o)
 .debug_frame   0x00000754       0x34 d:/stm32env/10 2020-q4-major/bin/../lib/gcc/arm-none-eabi/10.2.1/../../../../arm-none-eabi/lib/thumb/v7e-m/nofp\libg.a(lib_a-fini.o)
 .debug_frame   0x00000788       0xb0 d:/stm32env/10 2020-q4-major/bin/../lib/gcc/arm-none-eabi/10.2.1/../../../../arm-none-eabi/lib/thumb/v7e-m/nofp\libg.a(lib_a-lock.o)
 .debug_frame   0x00000838       0x34 d:/stm32env/10 2020-q4-major/bin/../lib/gcc/arm-none-eabi/10.2.1/../../../../arm-none-eabi/lib/thumb/v7e-m/nofp\libg.a(lib_a-__atexit.o)

.debug_loc      0x00000000      0xf69
 .debug_loc     0x00000000      0x158 CMakeFiles/D2.elf.dir/Core/Src/system_stm32f4xx.c.obj
 .debug_loc     0x00000158      0x141 CMakeFiles/D2.elf.dir/Drivers/STM32F4xx_HAL_Driver/Src/stm32f4xx_hal.c.obj
 .debug_loc     0x00000299      0x744 CMakeFiles/D2.elf.dir/Drivers/STM32F4xx_HAL_Driver/Src/stm32f4xx_hal_cortex.c.obj
 .debug_loc     0x000009dd      0x58c CMakeFiles/D2.elf.dir/Drivers/STM32F4xx_HAL_Driver/Src/stm32f4xx_hal_rcc.c.obj
